#
# There is insufficient memory for the Java Runtime Environment to continue.
# Native memory allocation (malloc) failed to allocate 1364896 bytes for Chunk::new
# Possible reasons:
#   The system is out of physical RAM or swap space
#   The process is running with CompressedOops enabled, and the Java Heap may be blocking the growth of the native heap
# Possible solutions:
#   Reduce memory load on the system
#   Increase physical memory or swap space
#   Check if swap backing store is full
#   Decrease Java heap size (-Xmx/-Xms)
#   Decrease number of Java threads
#   Decrease Java thread stack sizes (-Xss)
#   Set larger code cache with -XX:ReservedCodeCacheSize=
#   JVM is running with Zero Based Compressed Oops mode in which the Java heap is
#     placed in the first 32GB address space. The Java Heap base address is the
#     maximum limit for the native heap growth. Please use -XX:HeapBaseMinAddress
#     to set the Java Heap base and to place the Java Heap above 32GB virtual address.
# This output file may be truncated or incomplete.
#
#  Out of Memory Error (arena.cpp:168), pid=14120, tid=18560
#
# JRE version: Java(TM) SE Runtime Environment (21.0.2+13) (build 21.0.2+13-LTS-58)
# Java VM: Java HotSpot(TM) 64-Bit Server VM (21.0.2+13-LTS-58, mixed mode, sharing, tiered, compressed oops, compressed class ptrs, g1 gc, windows-amd64)
# No core dump will be written. Minidumps are not enabled by default on client versions of Windows
#

---------------  S U M M A R Y ------------

Command Line: -Dclassworlds.conf=C:\Program Files\JetBrains\IntelliJ IDEA 2025.2.1\plugins\maven\lib\maven3\bin\m2.conf -Dmaven.home=C:\Program Files\JetBrains\IntelliJ IDEA 2025.2.1\plugins\maven\lib\maven3 -Dlibrary.jansi.path=C:\Program Files\JetBrains\IntelliJ IDEA 2025.2.1\plugins\maven\lib\maven3\lib\jansi-native -Dmaven.multiModuleProjectDirectory=C:\Users\nezar.kanghi\Desktop\Programacion_INTELiJ\JavaFX_EJ11 org.codehaus.plexus.classworlds.launcher.Launcher -Didea.version=2025.2.1 -Dmaven.ext.class.path=C:\Program Files\JetBrains\IntelliJ IDEA 2025.2.1\plugins\maven\lib\maven-event-listener.jar -Djansi.passthrough=true -Dstyle.color=always -Dmaven.repo.local=C:\Users\nezar.kanghi\.m2\repository org.openjfx:javafx-maven-plugin:0.0.8:run -f pom.xml

Host: 12th Gen Intel(R) Core(TM) i5-12500, 12 cores, 15G,  Windows 11 , 64 bit Build 26100 (10.0.26100.7920)
Time: Fri May  8 10:12:12 2026 Hora de verano romance elapsed time: 2.422187 seconds (0d 0h 0m 2s)

---------------  T H R E A D  ---------------

Current thread (0x000001e0d469e170):  JavaThread "C2 CompilerThread0" daemon [_thread_in_native, id=18560, stack(0x000000d216000000,0x000000d216100000) (1024K)]


Current CompileTask:
C2:   2422 4356   !   4       org.codehaus.plexus.interpolation.StringSearchInterpolator::interpolate (668 bytes)

Stack: [0x000000d216000000,0x000000d216100000]
Native frames: (J=compiled Java code, j=interpreted, Vv=VM code, C=native code)
V  [jvm.dll+0x6cade9]
V  [jvm.dll+0x8569c1]
V  [jvm.dll+0x858d2e]
V  [jvm.dll+0x859413]
V  [jvm.dll+0x280e56]
V  [jvm.dll+0xc3f3d]
V  [jvm.dll+0xc4473]
V  [jvm.dll+0x3b5c2c]
V  [jvm.dll+0x1e2013]
V  [jvm.dll+0x249d22]
V  [jvm.dll+0x2491b1]
V  [jvm.dll+0x1c9634]
V  [jvm.dll+0x258859]
V  [jvm.dll+0x256e3a]
V  [jvm.dll+0x3ef6c6]
V  [jvm.dll+0x7ff568]
V  [jvm.dll+0x6c953d]
C  [ucrtbase.dll+0x37b0]
C  [KERNEL32.DLL+0x2e8d7]
C  [ntdll.dll+0x8c48c]


---------------  P R O C E S S  ---------------

Threads class SMR info:
_java_thread_list=0x000001e11b426d00, length=14, elements={
0x000001e0b2c9e720, 0x000001e0d40069f0, 0x000001e0d4009560, 0x000001e0d400dfe0,
0x000001e0d4690080, 0x000001e0d4691e60, 0x000001e0d4692e80, 0x000001e0d469e170,
0x000001e0d46ac410, 0x000001e0d4834330, 0x000001e0d483c800, 0x000001e0d46ad1b0,
0x000001e0d46abd40, 0x000001e11b31a990
}

Java Threads: ( => current thread )
  0x000001e0b2c9e720 JavaThread "main"                              [_thread_in_Java, id=9916, stack(0x000000d215200000,0x000000d215300000) (1024K)]
  0x000001e0d40069f0 JavaThread "Reference Handler"          daemon [_thread_blocked, id=1344, stack(0x000000d215a00000,0x000000d215b00000) (1024K)]
  0x000001e0d4009560 JavaThread "Finalizer"                  daemon [_thread_blocked, id=18780, stack(0x000000d215b00000,0x000000d215c00000) (1024K)]
  0x000001e0d400dfe0 JavaThread "Signal Dispatcher"          daemon [_thread_blocked, id=19940, stack(0x000000d215c00000,0x000000d215d00000) (1024K)]
  0x000001e0d4690080 JavaThread "Attach Listener"            daemon [_thread_blocked, id=11396, stack(0x000000d215d00000,0x000000d215e00000) (1024K)]
  0x000001e0d4691e60 JavaThread "Service Thread"             daemon [_thread_blocked, id=5060, stack(0x000000d215e00000,0x000000d215f00000) (1024K)]
  0x000001e0d4692e80 JavaThread "Monitor Deflation Thread"   daemon [_thread_blocked, id=18212, stack(0x000000d215f00000,0x000000d216000000) (1024K)]
=>0x000001e0d469e170 JavaThread "C2 CompilerThread0"         daemon [_thread_in_native, id=18560, stack(0x000000d216000000,0x000000d216100000) (1024K)]
  0x000001e0d46ac410 JavaThread "C1 CompilerThread0"         daemon [_thread_blocked, id=6232, stack(0x000000d216100000,0x000000d216200000) (1024K)]
  0x000001e0d4834330 JavaThread "Notification Thread"        daemon [_thread_blocked, id=17076, stack(0x000000d216200000,0x000000d216300000) (1024K)]
  0x000001e0d483c800 JavaThread "Common-Cleaner"             daemon [_thread_blocked, id=6264, stack(0x000000d216300000,0x000000d216400000) (1024K)]
  0x000001e0d46ad1b0 JavaThread "C2 CompilerThread1"         daemon [_thread_in_native, id=18760, stack(0x000000d216400000,0x000000d216500000) (1024K)]
  0x000001e0d46abd40 JavaThread "C2 CompilerThread2"         daemon [_thread_in_native, id=5328, stack(0x000000d216500000,0x000000d216600000) (1024K)]
  0x000001e11b31a990 JavaThread "Thread-1"                   daemon [_thread_blocked, id=13524, stack(0x000000d216f00000,0x000000d217000000) (1024K)]
Total: 14

Other Threads:
  0x000001e0d3fe84e0 VMThread "VM Thread"                           [id=1600, stack(0x000000d215900000,0x000000d215a00000) (1024K)]
  0x000001e0d3fcd050 WatcherThread "VM Periodic Task Thread"        [id=2484, stack(0x000000d215800000,0x000000d215900000) (1024K)]
  0x000001e0b50ef8f0 WorkerThread "GC Thread#0"                     [id=3376, stack(0x000000d215300000,0x000000d215400000) (1024K)]
  0x000001e11ab4fc40 WorkerThread "GC Thread#1"                     [id=14476, stack(0x000000d216600000,0x000000d216700000) (1024K)]
  0x000001e11ab382f0 WorkerThread "GC Thread#2"                     [id=20412, stack(0x000000d216700000,0x000000d216800000) (1024K)]
  0x000001e11ae6d3b0 WorkerThread "GC Thread#3"                     [id=8252, stack(0x000000d216800000,0x000000d216900000) (1024K)]
  0x000001e11ae6d750 WorkerThread "GC Thread#4"                     [id=18608, stack(0x000000d216900000,0x000000d216a00000) (1024K)]
  0x000001e11ae6daf0 WorkerThread "GC Thread#5"                     [id=18952, stack(0x000000d216a00000,0x000000d216b00000) (1024K)]
  0x000001e11ad397e0 WorkerThread "GC Thread#6"                     [id=19476, stack(0x000000d216b00000,0x000000d216c00000) (1024K)]
  0x000001e11ad39b80 WorkerThread "GC Thread#7"                     [id=16244, stack(0x000000d216c00000,0x000000d216d00000) (1024K)]
  0x000001e11aa80040 WorkerThread "GC Thread#8"                     [id=12388, stack(0x000000d216d00000,0x000000d216e00000) (1024K)]
  0x000001e11aa7f560 WorkerThread "GC Thread#9"                     [id=15048, stack(0x000000d216e00000,0x000000d216f00000) (1024K)]
  0x000001e0b5101940 ConcurrentGCThread "G1 Main Marker"            [id=20404, stack(0x000000d215400000,0x000000d215500000) (1024K)]
  0x000001e0b5102af0 WorkerThread "G1 Conc#0"                       [id=19064, stack(0x000000d215500000,0x000000d215600000) (1024K)]
  0x000001e0b514e3d0 ConcurrentGCThread "G1 Refine#0"               [id=20068, stack(0x000000d215600000,0x000000d215700000) (1024K)]
  0x000001e0d3e8d040 ConcurrentGCThread "G1 Service"                [id=18028, stack(0x000000d215700000,0x000000d215800000) (1024K)]
Total: 16

Threads with active compile tasks:
C2 CompilerThread0     2438 4356   !   4       org.codehaus.plexus.interpolation.StringSearchInterpolator::interpolate (668 bytes)
C1 CompilerThread0     2438 4491       3       java.util.ArrayList$ArrayListSpliterator::forEachRemaining (127 bytes)
C2 CompilerThread1     2438 4459   !   4       sun.nio.cs.StreamDecoder::read (78 bytes)
C2 CompilerThread2     2438 4460       4       sun.nio.cs.StreamDecoder::lockedRead (189 bytes)
Total: 4

VM state: not at safepoint (normal execution)

VM Mutex/Monitor currently owned by a thread: None

Heap address: 0x0000000705200000, size: 4014 MB, Compressed Oops mode: Zero based, Oop shift amount: 3

CDS archive(s) mapped at: [0x000001e0d5000000-0x000001e0d5c90000-0x000001e0d5c90000), size 13172736, SharedBaseAddress: 0x000001e0d5000000, ArchiveRelocationMode: 1.
Compressed class space mapped at: 0x000001e0d6000000-0x000001e116000000, reserved size: 1073741824
Narrow klass base: 0x000001e0d5000000, Narrow klass shift: 0, Narrow klass range: 0x100000000

GC Precious Log:
 CardTable entry size: 512
 Card Set container configuration: InlinePtr #cards 4 size 8 Array Of Cards #cards 16 size 48 Howl #buckets 8 coarsen threshold 3686 Howl Bitmap #cards 512 size 80 coarsen threshold 460 Card regions per heap region 1 cards per card region 4096
 CPUs: 12 total, 12 available
 Memory: 16053M
 Large Page Support: Disabled
 NUMA Support: Disabled
 Compressed Oops: Enabled (Zero based)
 Heap Region Size: 2M
 Heap Min Capacity: 8M
 Heap Initial Capacity: 252M
 Heap Max Capacity: 4014M
 Pre-touch: Disabled
 Parallel Workers: 10
 Concurrent Workers: 3
 Concurrent Refinement Workers: 10
 Periodic GC: Disabled

Heap:
 garbage-first heap   total 258048K, used 101701K [0x0000000705200000, 0x0000000800000000)
  region size 2048K, 50 young (102400K), 1 survivors (2048K)
 Metaspace       used 18202K, committed 18496K, reserved 1114112K
  class space    used 2079K, committed 2240K, reserved 1048576K

Heap Regions: E=young(eden), S=young(survivor), O=old, HS=humongous(starts), HC=humongous(continues), CS=collection set, F=free, TAMS=top-at-mark-start, PB=parsable bottom
|   0|0x0000000705200000, 0x0000000705400000, 0x0000000705400000|100%| O|  |TAMS 0x0000000705200000| PB 0x0000000705200000| Untracked 
|   1|0x0000000705400000, 0x0000000705573368, 0x0000000705600000| 72%| O|  |TAMS 0x0000000705400000| PB 0x0000000705400000| Untracked 
|   2|0x0000000705600000, 0x0000000705600000, 0x0000000705800000|  0%| F|  |TAMS 0x0000000705600000| PB 0x0000000705600000| Untracked 
|   3|0x0000000705800000, 0x0000000705800000, 0x0000000705a00000|  0%| F|  |TAMS 0x0000000705800000| PB 0x0000000705800000| Untracked 
|   4|0x0000000705a00000, 0x0000000705a00000, 0x0000000705c00000|  0%| F|  |TAMS 0x0000000705a00000| PB 0x0000000705a00000| Untracked 
|   5|0x0000000705c00000, 0x0000000705c00000, 0x0000000705e00000|  0%| F|  |TAMS 0x0000000705c00000| PB 0x0000000705c00000| Untracked 
|   6|0x0000000705e00000, 0x0000000705e00000, 0x0000000706000000|  0%| F|  |TAMS 0x0000000705e00000| PB 0x0000000705e00000| Untracked 
|   7|0x0000000706000000, 0x0000000706000000, 0x0000000706200000|  0%| F|  |TAMS 0x0000000706000000| PB 0x0000000706000000| Untracked 
|   8|0x0000000706200000, 0x0000000706200000, 0x0000000706400000|  0%| F|  |TAMS 0x0000000706200000| PB 0x0000000706200000| Untracked 
|   9|0x0000000706400000, 0x0000000706400000, 0x0000000706600000|  0%| F|  |TAMS 0x0000000706400000| PB 0x0000000706400000| Untracked 
|  10|0x0000000706600000, 0x0000000706600000, 0x0000000706800000|  0%| F|  |TAMS 0x0000000706600000| PB 0x0000000706600000| Untracked 
|  11|0x0000000706800000, 0x0000000706800000, 0x0000000706a00000|  0%| F|  |TAMS 0x0000000706800000| PB 0x0000000706800000| Untracked 
|  12|0x0000000706a00000, 0x0000000706a00000, 0x0000000706c00000|  0%| F|  |TAMS 0x0000000706a00000| PB 0x0000000706a00000| Untracked 
|  13|0x0000000706c00000, 0x0000000706c00000, 0x0000000706e00000|  0%| F|  |TAMS 0x0000000706c00000| PB 0x0000000706c00000| Untracked 
|  14|0x0000000706e00000, 0x0000000706e00000, 0x0000000707000000|  0%| F|  |TAMS 0x0000000706e00000| PB 0x0000000706e00000| Untracked 
|  15|0x0000000707000000, 0x0000000707000000, 0x0000000707200000|  0%| F|  |TAMS 0x0000000707000000| PB 0x0000000707000000| Untracked 
|  16|0x0000000707200000, 0x0000000707200000, 0x0000000707400000|  0%| F|  |TAMS 0x0000000707200000| PB 0x0000000707200000| Untracked 
|  17|0x0000000707400000, 0x0000000707400000, 0x0000000707600000|  0%| F|  |TAMS 0x0000000707400000| PB 0x0000000707400000| Untracked 
|  18|0x0000000707600000, 0x0000000707600000, 0x0000000707800000|  0%| F|  |TAMS 0x0000000707600000| PB 0x0000000707600000| Untracked 
|  19|0x0000000707800000, 0x0000000707800000, 0x0000000707a00000|  0%| F|  |TAMS 0x0000000707800000| PB 0x0000000707800000| Untracked 
|  20|0x0000000707a00000, 0x0000000707a00000, 0x0000000707c00000|  0%| F|  |TAMS 0x0000000707a00000| PB 0x0000000707a00000| Untracked 
|  21|0x0000000707c00000, 0x0000000707c00000, 0x0000000707e00000|  0%| F|  |TAMS 0x0000000707c00000| PB 0x0000000707c00000| Untracked 
|  22|0x0000000707e00000, 0x0000000707e00000, 0x0000000708000000|  0%| F|  |TAMS 0x0000000707e00000| PB 0x0000000707e00000| Untracked 
|  23|0x0000000708000000, 0x0000000708000000, 0x0000000708200000|  0%| F|  |TAMS 0x0000000708000000| PB 0x0000000708000000| Untracked 
|  24|0x0000000708200000, 0x0000000708200000, 0x0000000708400000|  0%| F|  |TAMS 0x0000000708200000| PB 0x0000000708200000| Untracked 
|  25|0x0000000708400000, 0x0000000708400000, 0x0000000708600000|  0%| F|  |TAMS 0x0000000708400000| PB 0x0000000708400000| Untracked 
|  26|0x0000000708600000, 0x0000000708600000, 0x0000000708800000|  0%| F|  |TAMS 0x0000000708600000| PB 0x0000000708600000| Untracked 
|  27|0x0000000708800000, 0x0000000708800000, 0x0000000708a00000|  0%| F|  |TAMS 0x0000000708800000| PB 0x0000000708800000| Untracked 
|  28|0x0000000708a00000, 0x0000000708a00000, 0x0000000708c00000|  0%| F|  |TAMS 0x0000000708a00000| PB 0x0000000708a00000| Untracked 
|  29|0x0000000708c00000, 0x0000000708c00000, 0x0000000708e00000|  0%| F|  |TAMS 0x0000000708c00000| PB 0x0000000708c00000| Untracked 
|  30|0x0000000708e00000, 0x0000000708e00000, 0x0000000709000000|  0%| F|  |TAMS 0x0000000708e00000| PB 0x0000000708e00000| Untracked 
|  31|0x0000000709000000, 0x0000000709000000, 0x0000000709200000|  0%| F|  |TAMS 0x0000000709000000| PB 0x0000000709000000| Untracked 
|  32|0x0000000709200000, 0x0000000709200000, 0x0000000709400000|  0%| F|  |TAMS 0x0000000709200000| PB 0x0000000709200000| Untracked 
|  33|0x0000000709400000, 0x0000000709400000, 0x0000000709600000|  0%| F|  |TAMS 0x0000000709400000| PB 0x0000000709400000| Untracked 
|  34|0x0000000709600000, 0x0000000709600000, 0x0000000709800000|  0%| F|  |TAMS 0x0000000709600000| PB 0x0000000709600000| Untracked 
|  35|0x0000000709800000, 0x0000000709800000, 0x0000000709a00000|  0%| F|  |TAMS 0x0000000709800000| PB 0x0000000709800000| Untracked 
|  36|0x0000000709a00000, 0x0000000709a00000, 0x0000000709c00000|  0%| F|  |TAMS 0x0000000709a00000| PB 0x0000000709a00000| Untracked 
|  37|0x0000000709c00000, 0x0000000709c00000, 0x0000000709e00000|  0%| F|  |TAMS 0x0000000709c00000| PB 0x0000000709c00000| Untracked 
|  38|0x0000000709e00000, 0x0000000709e00000, 0x000000070a000000|  0%| F|  |TAMS 0x0000000709e00000| PB 0x0000000709e00000| Untracked 
|  39|0x000000070a000000, 0x000000070a000000, 0x000000070a200000|  0%| F|  |TAMS 0x000000070a000000| PB 0x000000070a000000| Untracked 
|  40|0x000000070a200000, 0x000000070a200000, 0x000000070a400000|  0%| F|  |TAMS 0x000000070a200000| PB 0x000000070a200000| Untracked 
|  41|0x000000070a400000, 0x000000070a400000, 0x000000070a600000|  0%| F|  |TAMS 0x000000070a400000| PB 0x000000070a400000| Untracked 
|  42|0x000000070a600000, 0x000000070a600000, 0x000000070a800000|  0%| F|  |TAMS 0x000000070a600000| PB 0x000000070a600000| Untracked 
|  43|0x000000070a800000, 0x000000070a800000, 0x000000070aa00000|  0%| F|  |TAMS 0x000000070a800000| PB 0x000000070a800000| Untracked 
|  44|0x000000070aa00000, 0x000000070aa00000, 0x000000070ac00000|  0%| F|  |TAMS 0x000000070aa00000| PB 0x000000070aa00000| Untracked 
|  45|0x000000070ac00000, 0x000000070ac00000, 0x000000070ae00000|  0%| F|  |TAMS 0x000000070ac00000| PB 0x000000070ac00000| Untracked 
|  46|0x000000070ae00000, 0x000000070ae00000, 0x000000070b000000|  0%| F|  |TAMS 0x000000070ae00000| PB 0x000000070ae00000| Untracked 
|  47|0x000000070b000000, 0x000000070b000000, 0x000000070b200000|  0%| F|  |TAMS 0x000000070b000000| PB 0x000000070b000000| Untracked 
|  48|0x000000070b200000, 0x000000070b200000, 0x000000070b400000|  0%| F|  |TAMS 0x000000070b200000| PB 0x000000070b200000| Untracked 
|  49|0x000000070b400000, 0x000000070b400000, 0x000000070b600000|  0%| F|  |TAMS 0x000000070b400000| PB 0x000000070b400000| Untracked 
|  50|0x000000070b600000, 0x000000070b600000, 0x000000070b800000|  0%| F|  |TAMS 0x000000070b600000| PB 0x000000070b600000| Untracked 
|  51|0x000000070b800000, 0x000000070b800000, 0x000000070ba00000|  0%| F|  |TAMS 0x000000070b800000| PB 0x000000070b800000| Untracked 
|  52|0x000000070ba00000, 0x000000070ba00000, 0x000000070bc00000|  0%| F|  |TAMS 0x000000070ba00000| PB 0x000000070ba00000| Untracked 
|  53|0x000000070bc00000, 0x000000070bc00000, 0x000000070be00000|  0%| F|  |TAMS 0x000000070bc00000| PB 0x000000070bc00000| Untracked 
|  54|0x000000070be00000, 0x000000070be00000, 0x000000070c000000|  0%| F|  |TAMS 0x000000070be00000| PB 0x000000070be00000| Untracked 
|  55|0x000000070c000000, 0x000000070c000000, 0x000000070c200000|  0%| F|  |TAMS 0x000000070c000000| PB 0x000000070c000000| Untracked 
|  56|0x000000070c200000, 0x000000070c200000, 0x000000070c400000|  0%| F|  |TAMS 0x000000070c200000| PB 0x000000070c200000| Untracked 
|  57|0x000000070c400000, 0x000000070c400000, 0x000000070c600000|  0%| F|  |TAMS 0x000000070c400000| PB 0x000000070c400000| Untracked 
|  58|0x000000070c600000, 0x000000070c600000, 0x000000070c800000|  0%| F|  |TAMS 0x000000070c600000| PB 0x000000070c600000| Untracked 
|  59|0x000000070c800000, 0x000000070c800000, 0x000000070ca00000|  0%| F|  |TAMS 0x000000070c800000| PB 0x000000070c800000| Untracked 
|  60|0x000000070ca00000, 0x000000070ca00000, 0x000000070cc00000|  0%| F|  |TAMS 0x000000070ca00000| PB 0x000000070ca00000| Untracked 
|  61|0x000000070cc00000, 0x000000070cc00000, 0x000000070ce00000|  0%| F|  |TAMS 0x000000070cc00000| PB 0x000000070cc00000| Untracked 
|  62|0x000000070ce00000, 0x000000070ce00000, 0x000000070d000000|  0%| F|  |TAMS 0x000000070ce00000| PB 0x000000070ce00000| Untracked 
|  63|0x000000070d000000, 0x000000070d000000, 0x000000070d200000|  0%| F|  |TAMS 0x000000070d000000| PB 0x000000070d000000| Untracked 
|  64|0x000000070d200000, 0x000000070d200000, 0x000000070d400000|  0%| F|  |TAMS 0x000000070d200000| PB 0x000000070d200000| Untracked 
|  65|0x000000070d400000, 0x000000070d400000, 0x000000070d600000|  0%| F|  |TAMS 0x000000070d400000| PB 0x000000070d400000| Untracked 
|  66|0x000000070d600000, 0x000000070d600000, 0x000000070d800000|  0%| F|  |TAMS 0x000000070d600000| PB 0x000000070d600000| Untracked 
|  67|0x000000070d800000, 0x000000070d800000, 0x000000070da00000|  0%| F|  |TAMS 0x000000070d800000| PB 0x000000070d800000| Untracked 
|  68|0x000000070da00000, 0x000000070da00000, 0x000000070dc00000|  0%| F|  |TAMS 0x000000070da00000| PB 0x000000070da00000| Untracked 
|  69|0x000000070dc00000, 0x000000070dc00000, 0x000000070de00000|  0%| F|  |TAMS 0x000000070dc00000| PB 0x000000070dc00000| Untracked 
|  70|0x000000070de00000, 0x000000070de00000, 0x000000070e000000|  0%| F|  |TAMS 0x000000070de00000| PB 0x000000070de00000| Untracked 
|  71|0x000000070e000000, 0x000000070e000000, 0x000000070e200000|  0%| F|  |TAMS 0x000000070e000000| PB 0x000000070e000000| Untracked 
|  72|0x000000070e200000, 0x000000070e200000, 0x000000070e400000|  0%| F|  |TAMS 0x000000070e200000| PB 0x000000070e200000| Untracked 
|  73|0x000000070e400000, 0x000000070e400000, 0x000000070e600000|  0%| F|  |TAMS 0x000000070e400000| PB 0x000000070e400000| Untracked 
|  74|0x000000070e600000, 0x000000070e600000, 0x000000070e800000|  0%| F|  |TAMS 0x000000070e600000| PB 0x000000070e600000| Untracked 
|  75|0x000000070e800000, 0x000000070e800000, 0x000000070ea00000|  0%| F|  |TAMS 0x000000070e800000| PB 0x000000070e800000| Untracked 
|  76|0x000000070ea00000, 0x000000070eb4e5d8, 0x000000070ec00000| 65%| E|  |TAMS 0x000000070ea00000| PB 0x000000070ea00000| Complete 
|  77|0x000000070ec00000, 0x000000070ee00000, 0x000000070ee00000|100%| E|CS|TAMS 0x000000070ec00000| PB 0x000000070ec00000| Complete 
|  78|0x000000070ee00000, 0x000000070f000000, 0x000000070f000000|100%| E|CS|TAMS 0x000000070ee00000| PB 0x000000070ee00000| Complete 
|  79|0x000000070f000000, 0x000000070f200000, 0x000000070f200000|100%| E|CS|TAMS 0x000000070f000000| PB 0x000000070f000000| Complete 
|  80|0x000000070f200000, 0x000000070f400000, 0x000000070f400000|100%| E|CS|TAMS 0x000000070f200000| PB 0x000000070f200000| Complete 
|  81|0x000000070f400000, 0x000000070f600000, 0x000000070f600000|100%| E|CS|TAMS 0x000000070f400000| PB 0x000000070f400000| Complete 
|  82|0x000000070f600000, 0x000000070f800000, 0x000000070f800000|100%| E|CS|TAMS 0x000000070f600000| PB 0x000000070f600000| Complete 
|  83|0x000000070f800000, 0x000000070fa00000, 0x000000070fa00000|100%| E|CS|TAMS 0x000000070f800000| PB 0x000000070f800000| Complete 
|  84|0x000000070fa00000, 0x000000070fc00000, 0x000000070fc00000|100%| E|CS|TAMS 0x000000070fa00000| PB 0x000000070fa00000| Complete 
|  85|0x000000070fc00000, 0x000000070fe00000, 0x000000070fe00000|100%| E|CS|TAMS 0x000000070fc00000| PB 0x000000070fc00000| Complete 
|  86|0x000000070fe00000, 0x0000000710000000, 0x0000000710000000|100%| E|CS|TAMS 0x000000070fe00000| PB 0x000000070fe00000| Complete 
|  87|0x0000000710000000, 0x0000000710200000, 0x0000000710200000|100%| E|CS|TAMS 0x0000000710000000| PB 0x0000000710000000| Complete 
|  88|0x0000000710200000, 0x0000000710400000, 0x0000000710400000|100%| E|CS|TAMS 0x0000000710200000| PB 0x0000000710200000| Complete 
|  89|0x0000000710400000, 0x0000000710600000, 0x0000000710600000|100%| E|CS|TAMS 0x0000000710400000| PB 0x0000000710400000| Complete 
|  90|0x0000000710600000, 0x0000000710800000, 0x0000000710800000|100%| E|CS|TAMS 0x0000000710600000| PB 0x0000000710600000| Complete 
|  91|0x0000000710800000, 0x0000000710a00000, 0x0000000710a00000|100%| E|  |TAMS 0x0000000710800000| PB 0x0000000710800000| Complete 
|  92|0x0000000710a00000, 0x0000000710c00000, 0x0000000710c00000|100%| E|CS|TAMS 0x0000000710a00000| PB 0x0000000710a00000| Complete 
|  93|0x0000000710c00000, 0x0000000710e00000, 0x0000000710e00000|100%| E|CS|TAMS 0x0000000710c00000| PB 0x0000000710c00000| Complete 
|  94|0x0000000710e00000, 0x0000000711000000, 0x0000000711000000|100%| E|CS|TAMS 0x0000000710e00000| PB 0x0000000710e00000| Complete 
|  95|0x0000000711000000, 0x0000000711200000, 0x0000000711200000|100%| E|CS|TAMS 0x0000000711000000| PB 0x0000000711000000| Complete 
|  96|0x0000000711200000, 0x0000000711400000, 0x0000000711400000|100%| E|CS|TAMS 0x0000000711200000| PB 0x0000000711200000| Complete 
|  97|0x0000000711400000, 0x0000000711600000, 0x0000000711600000|100%| E|CS|TAMS 0x0000000711400000| PB 0x0000000711400000| Complete 
|  98|0x0000000711600000, 0x0000000711800000, 0x0000000711800000|100%| E|CS|TAMS 0x0000000711600000| PB 0x0000000711600000| Complete 
|  99|0x0000000711800000, 0x0000000711a00000, 0x0000000711a00000|100%| E|CS|TAMS 0x0000000711800000| PB 0x0000000711800000| Complete 
| 100|0x0000000711a00000, 0x0000000711c00000, 0x0000000711c00000|100%| E|CS|TAMS 0x0000000711a00000| PB 0x0000000711a00000| Complete 
| 101|0x0000000711c00000, 0x0000000711e00000, 0x0000000711e00000|100%| E|CS|TAMS 0x0000000711c00000| PB 0x0000000711c00000| Complete 
| 102|0x0000000711e00000, 0x0000000712000000, 0x0000000712000000|100%| E|CS|TAMS 0x0000000711e00000| PB 0x0000000711e00000| Complete 
| 103|0x0000000712000000, 0x0000000712200000, 0x0000000712200000|100%| E|CS|TAMS 0x0000000712000000| PB 0x0000000712000000| Complete 
| 104|0x0000000712200000, 0x0000000712400000, 0x0000000712400000|100%| E|CS|TAMS 0x0000000712200000| PB 0x0000000712200000| Complete 
| 105|0x0000000712400000, 0x0000000712600000, 0x0000000712600000|100%| E|CS|TAMS 0x0000000712400000| PB 0x0000000712400000| Complete 
| 106|0x0000000712600000, 0x0000000712800000, 0x0000000712800000|100%| E|CS|TAMS 0x0000000712600000| PB 0x0000000712600000| Complete 
| 107|0x0000000712800000, 0x00000007129de278, 0x0000000712a00000| 93%| S|CS|TAMS 0x0000000712800000| PB 0x0000000712800000| Complete 
| 108|0x0000000712a00000, 0x0000000712c00000, 0x0000000712c00000|100%| E|CS|TAMS 0x0000000712a00000| PB 0x0000000712a00000| Complete 
| 109|0x0000000712c00000, 0x0000000712e00000, 0x0000000712e00000|100%| E|CS|TAMS 0x0000000712c00000| PB 0x0000000712c00000| Complete 
| 110|0x0000000712e00000, 0x0000000713000000, 0x0000000713000000|100%| E|CS|TAMS 0x0000000712e00000| PB 0x0000000712e00000| Complete 
| 111|0x0000000713000000, 0x0000000713200000, 0x0000000713200000|100%| E|CS|TAMS 0x0000000713000000| PB 0x0000000713000000| Complete 
| 112|0x0000000713200000, 0x0000000713400000, 0x0000000713400000|100%| E|CS|TAMS 0x0000000713200000| PB 0x0000000713200000| Complete 
| 113|0x0000000713400000, 0x0000000713600000, 0x0000000713600000|100%| E|CS|TAMS 0x0000000713400000| PB 0x0000000713400000| Complete 
| 114|0x0000000713600000, 0x0000000713800000, 0x0000000713800000|100%| E|CS|TAMS 0x0000000713600000| PB 0x0000000713600000| Complete 
| 115|0x0000000713800000, 0x0000000713a00000, 0x0000000713a00000|100%| E|CS|TAMS 0x0000000713800000| PB 0x0000000713800000| Complete 
| 116|0x0000000713a00000, 0x0000000713c00000, 0x0000000713c00000|100%| E|CS|TAMS 0x0000000713a00000| PB 0x0000000713a00000| Complete 
| 117|0x0000000713c00000, 0x0000000713e00000, 0x0000000713e00000|100%| E|CS|TAMS 0x0000000713c00000| PB 0x0000000713c00000| Complete 
| 118|0x0000000713e00000, 0x0000000714000000, 0x0000000714000000|100%| E|CS|TAMS 0x0000000713e00000| PB 0x0000000713e00000| Complete 
| 119|0x0000000714000000, 0x0000000714200000, 0x0000000714200000|100%| E|CS|TAMS 0x0000000714000000| PB 0x0000000714000000| Complete 
| 120|0x0000000714200000, 0x0000000714400000, 0x0000000714400000|100%| E|CS|TAMS 0x0000000714200000| PB 0x0000000714200000| Complete 
| 121|0x0000000714400000, 0x0000000714600000, 0x0000000714600000|100%| E|CS|TAMS 0x0000000714400000| PB 0x0000000714400000| Complete 
| 122|0x0000000714600000, 0x0000000714800000, 0x0000000714800000|100%| E|CS|TAMS 0x0000000714600000| PB 0x0000000714600000| Complete 
| 123|0x0000000714800000, 0x0000000714a00000, 0x0000000714a00000|100%| E|CS|TAMS 0x0000000714800000| PB 0x0000000714800000| Complete 
| 124|0x0000000714a00000, 0x0000000714c00000, 0x0000000714c00000|100%| E|CS|TAMS 0x0000000714a00000| PB 0x0000000714a00000| Complete 
| 125|0x0000000714c00000, 0x0000000714e00000, 0x0000000714e00000|100%| E|CS|TAMS 0x0000000714c00000| PB 0x0000000714c00000| Complete 

Card table byte_map: [0x000001e0cd220000,0x000001e0cda00000] _byte_map_base: 0x000001e0c99f7000

Marking Bits: (CMBitMap*) 0x000001e0b50eff00
 Bits: [0x000001e0cda00000, 0x000001e0d18b8000)

Polling page: 0x000001e0b31d0000

Metaspace:

Usage:
  Non-class:     15.78 MB used.
      Class:      2.04 MB used.
       Both:     17.81 MB used.

Virtual space:
  Non-class space:       64.00 MB reserved,      15.94 MB ( 25%) committed,  1 nodes.
      Class space:        1.00 GB reserved,       2.19 MB ( <1%) committed,  1 nodes.
             Both:        1.06 GB reserved,      18.12 MB (  2%) committed. 

Chunk freelists:
   Non-Class:  112.00 KB
       Class:  13.72 MB
        Both:  13.83 MB

MaxMetaspaceSize: unlimited
CompressedClassSpaceSize: 1.00 GB
Initial GC threshold: 21.00 MB
Current GC threshold: 21.00 MB
CDS: on
 - commit_granule_bytes: 65536.
 - commit_granule_words: 8192.
 - virtual_space_node_default_size: 8388608.
 - enlarge_chunks_in_place: 1.
 - use_allocation_guard: 0.


Internal statistics:

num_allocs_failed_limit: 0.
num_arena_births: 194.
num_arena_deaths: 0.
num_vsnodes_births: 2.
num_vsnodes_deaths: 0.
num_space_committed: 290.
num_space_uncommitted: 0.
num_chunks_returned_to_freelist: 0.
num_chunks_taken_from_freelist: 817.
num_chunk_merges: 0.
num_chunk_splits: 563.
num_chunks_enlarged: 458.
num_inconsistent_stats: 0.

CodeHeap 'non-profiled nmethods': size=120000Kb used=2206Kb max_used=2206Kb free=117793Kb
 bounds [0x000001e0c4fc0000, 0x000001e0c5230000, 0x000001e0cc4f0000]
CodeHeap 'profiled nmethods': size=120000Kb used=9203Kb max_used=9203Kb free=110796Kb
 bounds [0x000001e0bd4f0000, 0x000001e0bddf0000, 0x000001e0c4a20000]
CodeHeap 'non-nmethods': size=5760Kb used=1420Kb max_used=1455Kb free=4339Kb
 bounds [0x000001e0c4a20000, 0x000001e0c4c90000, 0x000001e0c4fc0000]
 total_blobs=4995 nmethods=4484 adapters=415
 compilation: enabled
              stopped_count=0, restarted_count=0
 full_count=0

Compilation events (20 events):
Event: 2.402 Thread 0x000001e0d46ac410 4457       3       java.io.InputStreamReader::read (11 bytes)
Event: 2.402 Thread 0x000001e0d46ac410 nmethod 4457 0x000001e0bddde710 code [0x000001e0bddde8c0, 0x000001e0bdddea10]
Event: 2.402 Thread 0x000001e0d46ac410 4456       3       java.util.zip.ZipFile$CleanableResource::clean (10 bytes)
Event: 2.402 Thread 0x000001e0d46ac410 nmethod 4456 0x000001e0bdddeb10 code [0x000001e0bddded00, 0x000001e0bdddf110]
Event: 2.403 Thread 0x000001e0d46ad1b0 4459   !   4       sun.nio.cs.StreamDecoder::read (78 bytes)
Event: 2.403 Thread 0x000001e0d46abd40 4460       4       sun.nio.cs.StreamDecoder::lockedRead (189 bytes)
Event: 2.408 Thread 0x000001e0d46ac410 4464       1       org.eclipse.sisu.plexus.PlexusTypeRegistry::getSpace (5 bytes)
Event: 2.408 Thread 0x000001e0d46ac410 nmethod 4464 0x000001e0c51e6290 code [0x000001e0c51e6420, 0x000001e0c51e64f0]
Event: 2.408 Thread 0x000001e0d46ac410 4465       3       org.eclipse.sisu.plexus.Hints::isDefaultHint (27 bytes)
Event: 2.408 Thread 0x000001e0d46ac410 nmethod 4465 0x000001e0bdddf290 code [0x000001e0bdddf460, 0x000001e0bdddf750]
Event: 2.412 Thread 0x000001e0d46ac410 4467       3       org.eclipse.sisu.plexus.Hints::canonicalHint (22 bytes)
Event: 2.412 Thread 0x000001e0d46ac410 nmethod 4467 0x000001e0bdddf890 code [0x000001e0bdddfa60, 0x000001e0bdddfd08]
Event: 2.414 Thread 0x000001e0d46ac410 4468       3       java.lang.CharacterDataLatin1::getType (11 bytes)
Event: 2.414 Thread 0x000001e0d46ac410 nmethod 4468 0x000001e0bdddfe90 code [0x000001e0bdde0040, 0x000001e0bdde01e0]
Event: 2.415 Thread 0x000001e0d46ac410 4470       3       sun.nio.fs.WindowsFileAttributes::<init> (57 bytes)
Event: 2.416 Thread 0x000001e0d46ac410 nmethod 4470 0x000001e0bdde0310 code [0x000001e0bdde04c0, 0x000001e0bdde0660]
Event: 2.417 Thread 0x000001e0d46ac410 4471   !   3       sun.nio.fs.WindowsNativeDispatcher::GetFileAttributesEx (73 bytes)
Event: 2.417 Thread 0x000001e0d46ac410 nmethod 4471 0x000001e0bdde0790 code [0x000001e0bdde09e0, 0x000001e0bdde0f58]
Event: 2.417 Thread 0x000001e0d46ac410 4472       3       sun.nio.fs.WindowsFileAttributes::fromFileAttributeData (104 bytes)
Event: 2.417 Thread 0x000001e0d46ac410 nmethod 4472 0x000001e0bdde1310 code [0x000001e0bdde1500, 0x000001e0bdde19b8]

GC Heap History (4 events):
Event: 0.455 GC heap before
{Heap before GC invocations=0 (full 0):
 garbage-first heap   total 258048K, used 22528K [0x0000000705200000, 0x0000000800000000)
  region size 2048K, 11 young (22528K), 0 survivors (0K)
 Metaspace       used 5649K, committed 5824K, reserved 1114112K
  class space    used 655K, committed 768K, reserved 1048576K
}
Event: 0.458 GC heap after
{Heap after GC invocations=1 (full 0):
 garbage-first heap   total 258048K, used 3835K [0x0000000705200000, 0x0000000800000000)
  region size 2048K, 2 young (4096K), 2 survivors (4096K)
 Metaspace       used 5649K, committed 5824K, reserved 1114112K
  class space    used 655K, committed 768K, reserved 1048576K
}
Event: 0.885 GC heap before
{Heap before GC invocations=1 (full 0):
 garbage-first heap   total 258048K, used 36603K [0x0000000705200000, 0x0000000800000000)
  region size 2048K, 18 young (36864K), 2 survivors (4096K)
 Metaspace       used 9768K, committed 9984K, reserved 1114112K
  class space    used 1158K, committed 1280K, reserved 1048576K
}
Event: 0.888 GC heap after
{Heap after GC invocations=2 (full 0):
 garbage-first heap   total 258048K, used 5445K [0x0000000705200000, 0x0000000800000000)
  region size 2048K, 1 young (2048K), 1 survivors (2048K)
 Metaspace       used 9768K, committed 9984K, reserved 1114112K
  class space    used 1158K, committed 1280K, reserved 1048576K
}

Dll operation events (8 events):
Event: 0.005 Loaded shared library C:\Program Files\Java\jdk-21\bin\java.dll
Event: 0.028 Loaded shared library C:\Program Files\Java\jdk-21\bin\jsvml.dll
Event: 0.040 Loaded shared library C:\Program Files\Java\jdk-21\bin\net.dll
Event: 0.041 Loaded shared library C:\Program Files\Java\jdk-21\bin\nio.dll
Event: 0.043 Loaded shared library C:\Program Files\Java\jdk-21\bin\zip.dll
Event: 0.141 Loaded shared library C:\Program Files\Java\jdk-21\bin\jimage.dll
Event: 0.142 Loaded shared library C:\Program Files\JetBrains\IntelliJ IDEA 2025.2.1\plugins\maven\lib\maven3\lib\jansi-native\Windows\x86_64\jansi.dll
Event: 0.149 Loaded shared library C:\Program Files\Java\jdk-21\bin\verify.dll

Deoptimization events (20 events):
Event: 2.307 Thread 0x000001e0b2c9e720 Uncommon trap: trap_request=0xffffffc6 fr.pc=0x000001e0c5195520 relative=0x00000000000004a0
Event: 2.307 Thread 0x000001e0b2c9e720 Uncommon trap: reason=bimorphic_or_optimized_type_check action=maybe_recompile pc=0x000001e0c5195520 method=java.util.regex.Pattern$Slice.match(Ljava/util/regex/Matcher;ILjava/lang/CharSequence;)Z @ 75 c2
Event: 2.307 Thread 0x000001e0b2c9e720 DEOPT PACKING pc=0x000001e0c5195520 sp=0x000000d2152fbe40
Event: 2.307 Thread 0x000001e0b2c9e720 DEOPT UNPACKING pc=0x000001e0c4a746a2 sp=0x000000d2152fbde0 mode 2
Event: 2.307 Thread 0x000001e0b2c9e720 Uncommon trap: trap_request=0xffffffde fr.pc=0x000001e0c51d50dc relative=0x000000000000053c
Event: 2.307 Thread 0x000001e0b2c9e720 Uncommon trap: reason=class_check action=maybe_recompile pc=0x000001e0c51d50dc method=org.codehaus.plexus.interpolation.MapBasedValueSource.getValue(Ljava/lang/String;)Ljava/lang/Object; @ 16 c2
Event: 2.307 Thread 0x000001e0b2c9e720 DEOPT PACKING pc=0x000001e0c51d50dc sp=0x000000d2152fbf90
Event: 2.307 Thread 0x000001e0b2c9e720 DEOPT UNPACKING pc=0x000001e0c4a746a2 sp=0x000000d2152fbf28 mode 2
Event: 2.307 Thread 0x000001e0b2c9e720 Uncommon trap: trap_request=0xffffffde fr.pc=0x000001e0c51d50dc relative=0x000000000000053c
Event: 2.307 Thread 0x000001e0b2c9e720 Uncommon trap: reason=class_check action=maybe_recompile pc=0x000001e0c51d50dc method=org.codehaus.plexus.interpolation.MapBasedValueSource.getValue(Ljava/lang/String;)Ljava/lang/Object; @ 16 c2
Event: 2.307 Thread 0x000001e0b2c9e720 DEOPT PACKING pc=0x000001e0c51d50dc sp=0x000000d2152fbf90
Event: 2.307 Thread 0x000001e0b2c9e720 DEOPT UNPACKING pc=0x000001e0c4a746a2 sp=0x000000d2152fbf28 mode 2
Event: 2.307 Thread 0x000001e0b2c9e720 Uncommon trap: trap_request=0xffffffde fr.pc=0x000001e0c51d50dc relative=0x000000000000053c
Event: 2.307 Thread 0x000001e0b2c9e720 Uncommon trap: reason=class_check action=maybe_recompile pc=0x000001e0c51d50dc method=org.codehaus.plexus.interpolation.MapBasedValueSource.getValue(Ljava/lang/String;)Ljava/lang/Object; @ 16 c2
Event: 2.307 Thread 0x000001e0b2c9e720 DEOPT PACKING pc=0x000001e0c51d50dc sp=0x000000d2152fbf90
Event: 2.307 Thread 0x000001e0b2c9e720 DEOPT UNPACKING pc=0x000001e0c4a746a2 sp=0x000000d2152fbf28 mode 2
Event: 2.345 Thread 0x000001e0b2c9e720 DEOPT PACKING pc=0x000001e0bd592c63 sp=0x000000d2152fd270
Event: 2.345 Thread 0x000001e0b2c9e720 DEOPT UNPACKING pc=0x000001e0c4a74e42 sp=0x000000d2152fc750 mode 0
Event: 2.365 Thread 0x000001e0b2c9e720 DEOPT PACKING pc=0x000001e0bd75177e sp=0x000000d2152fcfe0
Event: 2.365 Thread 0x000001e0b2c9e720 DEOPT UNPACKING pc=0x000001e0c4a74e42 sp=0x000000d2152fc560 mode 0

Classes loaded (20 events):
Event: 2.032 Loading class java/io/FileWriter
Event: 2.032 Loading class java/io/FileWriter done
Event: 2.046 Loading class jdk/internal/reflect/MethodHandleIntegerFieldAccessorImpl
Event: 2.046 Loading class jdk/internal/reflect/MethodHandleIntegerFieldAccessorImpl done
Event: 2.049 Loading class java/util/concurrent/ConcurrentLinkedDeque
Event: 2.049 Loading class java/util/concurrent/ConcurrentLinkedDeque done
Event: 2.049 Loading class java/util/concurrent/ConcurrentLinkedDeque$Node
Event: 2.049 Loading class java/util/concurrent/ConcurrentLinkedDeque$Node done
Event: 2.050 Loading class java/util/ServiceConfigurationError
Event: 2.050 Loading class java/util/ServiceConfigurationError done
Event: 2.062 Loading class java/nio/file/attribute/FileTime$1
Event: 2.062 Loading class java/nio/file/attribute/FileTime$1 done
Event: 2.065 Loading class java/util/Comparators$NaturalOrderComparator
Event: 2.065 Loading class java/util/Comparators$NaturalOrderComparator done
Event: 2.065 Loading class sun/nio/cs/UTF_8$Encoder
Event: 2.065 Loading class sun/nio/cs/UTF_8$Encoder done
Event: 2.065 Loading class sun/nio/fs/WindowsChannelFactory$2
Event: 2.065 Loading class sun/nio/fs/WindowsChannelFactory$2 done
Event: 2.066 Loading class sun/nio/ch/ChannelOutputStream
Event: 2.066 Loading class sun/nio/ch/ChannelOutputStream done

Classes unloaded (0 events):
No events

Classes redefined (0 events):
No events

Internal exceptions (20 events):
Event: 0.990 Thread 0x000001e0b2c9e720 Exception <a 'java/lang/NoSuchMethodError'{0x00000007149c9598}: 'int java.lang.invoke.DirectMethodHandle$Holder.invokeSpecial(java.lang.Object, java.lang.Object, java.lang.Object, int)'> (0x00000007149c9598) 
thrown [s\open\src\hotspot\share\interpreter\linkResolver.cpp, line 773]
Event: 0.994 Thread 0x000001e0b2c9e720 Implicit null exception at 0x000001e0c505a75a to 0x000001e0c505a938
Event: 0.996 Thread 0x000001e0b2c9e720 Exception <a 'java/lang/NoSuchMethodError'{0x00000007149ede48}: 'java.lang.Object java.lang.invoke.Invokers$Holder.invokeExact_MT(java.lang.Object, int, java.lang.Object)'> (0x00000007149ede48) 
thrown [s\open\src\hotspot\share\interpreter\linkResolver.cpp, line 773]
Event: 1.175 Thread 0x000001e0b2c9e720 Exception <a 'java/lang/NoSuchMethodError'{0x0000000713e0b498}: 'void java.lang.invoke.Invokers$Holder.invokeExact_MT(java.lang.Object, java.lang.Object, java.lang.Object, java.lang.Object)'> (0x0000000713e0b498) 
thrown [s\open\src\hotspot\share\interpreter\linkResolver.cpp, line 773]
Event: 1.187 Thread 0x000001e0b2c9e720 Exception <a 'java/lang/NoClassDefFoundError'{0x0000000713e9ed38}: com/google/inject/servlet/ServletModuleTargetVisitor> (0x0000000713e9ed38) 
thrown [s\open\src\hotspot\share\classfile\systemDictionary.cpp, line 301]
Event: 1.235 Thread 0x000001e0b2c9e720 Exception <a 'java/lang/NoSuchMethodError'{0x0000000713d50148}: 'void java.lang.invoke.DirectMethodHandle$Holder.invokeVirtual(java.lang.Object, java.lang.Object)'> (0x0000000713d50148) 
thrown [s\open\src\hotspot\share\interpreter\linkResolver.cpp, line 773]
Event: 1.262 Thread 0x000001e0b2c9e720 Exception <a 'java/lang/NoSuchMethodError'{0x0000000713dde628}: 'java.lang.Object java.lang.invoke.DirectMethodHandle$Holder.invokeStaticInit(java.lang.Object, int, int, int, int)'> (0x0000000713dde628) 
thrown [s\open\src\hotspot\share\interpreter\linkResolver.cpp, line 773]
Event: 1.385 Thread 0x000001e0b2c9e720 Exception <a 'java/lang/NoSuchMethodError'{0x0000000713745f78}: 'void java.lang.invoke.DirectMethodHandle$Holder.invokeSpecial(java.lang.Object, java.lang.Object, java.lang.Object, java.lang.Object, java.lang.Object)'> (0x0000000713745f78) 
thrown [s\open\src\hotspot\share\interpreter\linkResolver.cpp, line 773]
Event: 1.387 Thread 0x000001e0b2c9e720 Exception <a 'java/lang/NoSuchMethodError'{0x00000007137646c0}: 'java.lang.Object java.lang.invoke.DirectMethodHandle$Holder.invokeVirtual(java.lang.Object, java.lang.Object, java.lang.Object)'> (0x00000007137646c0) 
thrown [s\open\src\hotspot\share\interpreter\linkResolver.cpp, line 773]
Event: 1.388 Thread 0x000001e0b2c9e720 Exception <a 'java/lang/NoSuchMethodError'{0x0000000713771680}: 'void java.lang.invoke.DirectMethodHandle$Holder.invokeSpecial(java.lang.Object, java.lang.Object, java.lang.Object, java.lang.Object, java.lang.Object, java.lang.Object)'> (0x0000000713771680) 
thrown [s\open\src\hotspot\share\interpreter\linkResolver.cpp, line 773]
Event: 1.416 Thread 0x000001e0b2c9e720 Exception <a 'java/lang/NoSuchMethodError'{0x00000007134f9390}: 'void java.lang.invoke.DirectMethodHandle$Holder.invokeVirtual(java.lang.Object, java.lang.Object, int)'> (0x00000007134f9390) 
thrown [s\open\src\hotspot\share\interpreter\linkResolver.cpp, line 773]
Event: 1.416 Thread 0x000001e0b2c9e720 Exception <a 'java/lang/NoSuchMethodError'{0x00000007134fd130}: 'void java.lang.invoke.DirectMethodHandle$Holder.invokeSpecial(java.lang.Object, java.lang.Object, java.lang.Object, int)'> (0x00000007134fd130) 
thrown [s\open\src\hotspot\share\interpreter\linkResolver.cpp, line 773]
Event: 1.416 Thread 0x000001e0b2c9e720 Exception <a 'java/lang/NoSuchMethodError'{0x00000007135007f0}: 'void java.lang.invoke.DelegatingMethodHandle$Holder.reinvoke_L(java.lang.Object, java.lang.Object, int)'> (0x00000007135007f0) 
thrown [s\open\src\hotspot\share\interpreter\linkResolver.cpp, line 773]
Event: 1.571 Thread 0x000001e0b2c9e720 Implicit null exception at 0x000001e0c50b410d to 0x000001e0c50b4978
Event: 1.572 Thread 0x000001e0b2c9e720 Implicit null exception at 0x000001e0c508529b to 0x000001e0c5085494
Event: 1.572 Thread 0x000001e0b2c9e720 Implicit null exception at 0x000001e0c50b22bd to 0x000001e0c50b2341
Event: 1.631 Thread 0x000001e0b2c9e720 Implicit null exception at 0x000001e0c508329b to 0x000001e0c5083498
Event: 1.646 Thread 0x000001e0b2c9e720 Exception <a 'java/lang/NoSuchMethodError'{0x0000000712bd7140}: 'java.lang.Object java.lang.invoke.DirectMethodHandle$Holder.newInvokeSpecial(java.lang.Object, java.lang.Object, java.lang.Object, java.lang.Object, java.lang.Object, java.lang.Object, java.lang.Object)'> (0x0000000712bd7140) 
thrown [s\open\src\hotspot\share\interpreter\linkResolver.cpp, line 773]
Event: 1.802 Thread 0x000001e0b2c9e720 Exception <a 'java/lang/NoSuchMethodError'{0x0000000711fc4b90}: 'int java.lang.invoke.DirectMethodHandle$Holder.invokeVirtual(java.lang.Object, java.lang.Object)'> (0x0000000711fc4b90) 
thrown [s\open\src\hotspot\share\interpreter\linkResolver.cpp, line 773]
Event: 1.824 Thread 0x000001e0b2c9e720 Exception <a 'java/lang/NoSuchMethodError'{0x0000000711ceaaa8}: 'void java.lang.invoke.Invokers$Holder.invokeExact_MT(java.lang.Object, java.lang.Object, int, java.lang.Object)'> (0x0000000711ceaaa8) 
thrown [s\open\src\hotspot\share\interpreter\linkResolver.cpp, line 773]

ZGC Phase Switch (0 events):
No events

VM Operations (20 events):
Event: 1.158 Executing VM operation: ICBufferFull
Event: 1.158 Executing VM operation: ICBufferFull done
Event: 1.171 Executing VM operation: HandshakeAllThreads (Deoptimize)
Event: 1.171 Executing VM operation: HandshakeAllThreads (Deoptimize) done
Event: 1.241 Executing VM operation: HandshakeAllThreads (Deoptimize)
Event: 1.241 Executing VM operation: HandshakeAllThreads (Deoptimize) done
Event: 1.273 Executing VM operation: HandshakeAllThreads (Deoptimize)
Event: 1.273 Executing VM operation: HandshakeAllThreads (Deoptimize) done
Event: 1.320 Executing VM operation: HandshakeAllThreads (Deoptimize)
Event: 1.320 Executing VM operation: HandshakeAllThreads (Deoptimize) done
Event: 1.365 Executing VM operation: HandshakeAllThreads (Deoptimize)
Event: 1.365 Executing VM operation: HandshakeAllThreads (Deoptimize) done
Event: 1.389 Executing VM operation: ICBufferFull
Event: 1.389 Executing VM operation: ICBufferFull done
Event: 1.675 Executing VM operation: ICBufferFull
Event: 1.675 Executing VM operation: ICBufferFull done
Event: 1.858 Executing VM operation: ICBufferFull
Event: 1.858 Executing VM operation: ICBufferFull done
Event: 2.092 Executing VM operation: ICBufferFull
Event: 2.092 Executing VM operation: ICBufferFull done

Events (16 events):
Event: 0.018 Thread 0x000001e0b2c9e720 Thread added: 0x000001e0b2c9e720
Event: 0.026 Thread 0x000001e0d40069f0 Thread added: 0x000001e0d40069f0
Event: 0.026 Thread 0x000001e0d4009560 Thread added: 0x000001e0d4009560
Event: 0.026 Thread 0x000001e0d400dfe0 Thread added: 0x000001e0d400dfe0
Event: 0.026 Thread 0x000001e0d4690080 Thread added: 0x000001e0d4690080
Event: 0.026 Thread 0x000001e0d4691e60 Thread added: 0x000001e0d4691e60
Event: 0.026 Thread 0x000001e0d4692e80 Thread added: 0x000001e0d4692e80
Event: 0.027 Thread 0x000001e0d469e170 Thread added: 0x000001e0d469e170
Event: 0.027 Thread 0x000001e0d46ac410 Thread added: 0x000001e0d46ac410
Event: 0.037 Thread 0x000001e0d4834330 Thread added: 0x000001e0d4834330
Event: 0.038 Thread 0x000001e0d483c800 Thread added: 0x000001e0d483c800
Event: 0.069 Thread 0x000001e0d46ad1b0 Thread added: 0x000001e0d46ad1b0
Event: 0.140 Thread 0x000001e11a0095b0 Thread added: 0x000001e11a0095b0
Event: 0.145 Thread 0x000001e11a0095b0 Thread exited: 0x000001e11a0095b0
Event: 0.438 Thread 0x000001e0d46abd40 Thread added: 0x000001e0d46abd40
Event: 1.343 Thread 0x000001e11b31a990 Thread added: 0x000001e11b31a990


Dynamic libraries:
0x00007ff690050000 - 0x00007ff690060000 	C:\Program Files\Java\jdk-21\bin\java.exe
0x00007ffb98fc0000 - 0x00007ffb99227000 	C:\WINDOWS\SYSTEM32\ntdll.dll
0x00007ffb97c90000 - 0x00007ffb97d59000 	C:\WINDOWS\System32\KERNEL32.DLL
0x00007ffb95a00000 - 0x00007ffb95df1000 	C:\WINDOWS\System32\KERNELBASE.dll
0x00007ffb967e0000 - 0x00007ffb9692b000 	C:\WINDOWS\System32\ucrtbase.dll
0x00007ffb75800000 - 0x00007ffb75819000 	C:\Program Files\Java\jdk-21\bin\jli.dll
0x00007ffb6f5f0000 - 0x00007ffb6f60b000 	C:\Program Files\Java\jdk-21\bin\VCRUNTIME140.dll
0x00007ffb97ba0000 - 0x00007ffb97c5b000 	C:\WINDOWS\System32\ADVAPI32.dll
0x00007ffb98140000 - 0x00007ffb981e9000 	C:\WINDOWS\System32\msvcrt.dll
0x00007ffb98490000 - 0x00007ffb98537000 	C:\WINDOWS\System32\sechost.dll
0x00007ffb98270000 - 0x00007ffb98388000 	C:\WINDOWS\System32\RPCRT4.dll
0x00007ffb985c0000 - 0x00007ffb98785000 	C:\WINDOWS\System32\USER32.dll
0x00007ffb72a40000 - 0x00007ffb72cd3000 	C:\WINDOWS\WinSxS\amd64_microsoft.windows.common-controls_6595b64144ccf1df_6.0.26100.8037_none_3e092faae333b53b\COMCTL32.dll
0x00007ffb959d0000 - 0x00007ffb959f7000 	C:\WINDOWS\System32\win32u.dll
0x00007ffb975c0000 - 0x00007ffb975eb000 	C:\WINDOWS\System32\GDI32.dll
0x00007ffb958a0000 - 0x00007ffb959cb000 	C:\WINDOWS\System32\gdi32full.dll
0x00007ffb95e00000 - 0x00007ffb95ea3000 	C:\WINDOWS\System32\msvcp_win.dll
0x00007ffb866d0000 - 0x00007ffb866db000 	C:\WINDOWS\SYSTEM32\VERSION.dll
0x00007ffb98f40000 - 0x00007ffb98f71000 	C:\WINDOWS\System32\IMM32.DLL
0x00007ffb55570000 - 0x00007ffb5557c000 	C:\Program Files\Java\jdk-21\bin\vcruntime140_1.dll
0x00007ffb42630000 - 0x00007ffb426be000 	C:\Program Files\Java\jdk-21\bin\msvcp140.dll
0x00007ffaf2e50000 - 0x00007ffaf3b67000 	C:\Program Files\Java\jdk-21\bin\server\jvm.dll
0x00007ffb97d70000 - 0x00007ffb97de4000 	C:\WINDOWS\System32\WS2_32.dll
0x00007ffb95700000 - 0x00007ffb9575e000 	C:\WINDOWS\SYSTEM32\POWRPROF.dll
0x00007ffb8d1f0000 - 0x00007ffb8d225000 	C:\WINDOWS\SYSTEM32\WINMM.dll
0x00007ffb956e0000 - 0x00007ffb956f4000 	C:\WINDOWS\SYSTEM32\UMPDC.dll
0x00007ffb945f0000 - 0x00007ffb9460b000 	C:\WINDOWS\SYSTEM32\kernel.appcore.dll
0x00007ffb55560000 - 0x00007ffb5556a000 	C:\Program Files\Java\jdk-21\bin\jimage.dll
0x00007ffb74330000 - 0x00007ffb74572000 	C:\WINDOWS\SYSTEM32\DBGHELP.DLL
0x00007ffb975f0000 - 0x00007ffb97972000 	C:\WINDOWS\System32\combase.dll
0x00007ffb971f0000 - 0x00007ffb972c7000 	C:\WINDOWS\System32\OLEAUT32.dll
0x00007ffb71540000 - 0x00007ffb7157b000 	C:\WINDOWS\SYSTEM32\dbgcore.DLL
0x00007ffb96930000 - 0x00007ffb969d5000 	C:\WINDOWS\System32\bcryptPrimitives.dll
0x00007ffb502e0000 - 0x00007ffb502ff000 	C:\Program Files\Java\jdk-21\bin\java.dll
0x00007ffb987d0000 - 0x00007ffb98f2f000 	C:\WINDOWS\System32\SHELL32.dll
0x00007ffb969e0000 - 0x00007ffb96b4a000 	C:\WINDOWS\System32\wintypes.dll
0x00007ffb95f70000 - 0x00007ffb967d4000 	C:\WINDOWS\System32\windows.storage.dll
0x00007ffb97aa0000 - 0x00007ffb97b97000 	C:\WINDOWS\System32\SHCORE.dll
0x00007ffb974b0000 - 0x00007ffb97517000 	C:\WINDOWS\System32\shlwapi.dll
0x00007ffb957c0000 - 0x00007ffb957e9000 	C:\WINDOWS\SYSTEM32\profapi.dll
0x00007ffb42550000 - 0x00007ffb42627000 	C:\Program Files\Java\jdk-21\bin\jsvml.dll
0x00007ffb52600000 - 0x00007ffb52610000 	C:\Program Files\Java\jdk-21\bin\net.dll
0x00007ffb8cd40000 - 0x00007ffb8ce67000 	C:\WINDOWS\SYSTEM32\WINHTTP.dll
0x00007ffb94b40000 - 0x00007ffb94bab000 	C:\WINDOWS\system32\mswsock.dll
0x00007ffb51410000 - 0x00007ffb51426000 	C:\Program Files\Java\jdk-21\bin\nio.dll
0x00007ffb47760000 - 0x00007ffb47778000 	C:\Program Files\Java\jdk-21\bin\zip.dll
0x00007ffb56e90000 - 0x00007ffb56eb4000 	C:\Program Files\JetBrains\IntelliJ IDEA 2025.2.1\plugins\maven\lib\maven3\lib\jansi-native\Windows\x86_64\jansi.dll
0x00007ffb24950000 - 0x00007ffb24960000 	C:\Program Files\Java\jdk-21\bin\verify.dll

dbghelp: loaded successfully - version: 4.0.5 - missing functions: none
symbol engine: initialized successfully - sym options: 0x614 - pdb path: .;C:\Program Files\Java\jdk-21\bin;C:\WINDOWS\SYSTEM32;C:\WINDOWS\WinSxS\amd64_microsoft.windows.common-controls_6595b64144ccf1df_6.0.26100.8037_none_3e092faae333b53b;C:\Program Files\Java\jdk-21\bin\server;C:\Program Files\JetBrains\IntelliJ IDEA 2025.2.1\plugins\maven\lib\maven3\lib\jansi-native\Windows\x86_64

VM Arguments:
jvm_args: -Dclassworlds.conf=C:\Program Files\JetBrains\IntelliJ IDEA 2025.2.1\plugins\maven\lib\maven3\bin\m2.conf -Dmaven.home=C:\Program Files\JetBrains\IntelliJ IDEA 2025.2.1\plugins\maven\lib\maven3 -Dlibrary.jansi.path=C:\Program Files\JetBrains\IntelliJ IDEA 2025.2.1\plugins\maven\lib\maven3\lib\jansi-native -Dmaven.multiModuleProjectDirectory=C:\Users\nezar.kanghi\Desktop\Programacion_INTELiJ\JavaFX_EJ11 
java_command: org.codehaus.plexus.classworlds.launcher.Launcher -Didea.version=2025.2.1 -Dmaven.ext.class.path=C:\Program Files\JetBrains\IntelliJ IDEA 2025.2.1\plugins\maven\lib\maven-event-listener.jar -Djansi.passthrough=true -Dstyle.color=always -Dmaven.repo.local=C:\Users\nezar.kanghi\.m2\repository org.openjfx:javafx-maven-plugin:0.0.8:run -f pom.xml
java_class_path (initial): C:\Program Files\JetBrains\IntelliJ IDEA 2025.2.1\plugins\maven\lib\maven3\boot\plexus-classworlds-2.8.0.jar
Launcher Type: SUN_STANDARD

[Global flags]
     intx CICompilerCount                          = 4                                         {product} {ergonomic}
     uint ConcGCThreads                            = 3                                         {product} {ergonomic}
     uint G1ConcRefinementThreads                  = 10                                        {product} {ergonomic}
   size_t G1HeapRegionSize                         = 2097152                                   {product} {ergonomic}
    uintx GCDrainStackTargetSize                   = 64                                        {product} {ergonomic}
   size_t InitialHeapSize                          = 264241152                                 {product} {ergonomic}
   size_t MarkStackSize                            = 4194304                                   {product} {ergonomic}
   size_t MaxHeapSize                              = 4208984064                                {product} {ergonomic}
   size_t MaxNewSize                               = 2524971008                                {product} {ergonomic}
   size_t MinHeapDeltaBytes                        = 2097152                                   {product} {ergonomic}
   size_t MinHeapSize                              = 8388608                                   {product} {ergonomic}
    uintx NonNMethodCodeHeapSize                   = 5839372                                {pd product} {ergonomic}
    uintx NonProfiledCodeHeapSize                  = 122909434                              {pd product} {ergonomic}
    uintx ProfiledCodeHeapSize                     = 122909434                              {pd product} {ergonomic}
    uintx ReservedCodeCacheSize                    = 251658240                              {pd product} {ergonomic}
     bool SegmentedCodeCache                       = true                                      {product} {ergonomic}
   size_t SoftMaxHeapSize                          = 4208984064                             {manageable} {ergonomic}
     bool UseCompressedOops                        = true                           {product lp64_product} {ergonomic}
     bool UseG1GC                                  = true                                      {product} {ergonomic}
     bool UseLargePagesIndividualAllocation        = false                                  {pd product} {ergonomic}

Logging:
Log output configuration:
 #0: stdout all=warning uptime,level,tags foldmultilines=false
 #1: stderr all=off uptime,level,tags foldmultilines=false

Environment Variables:
JAVA_HOME=C:\Program Files\Java\jdk-21
PATH=C:\app\aemcentros\product\21c\dbhomeXE\bin;C:\Program Files\Common Files\Oracle\Java\javapath;C:\Program Files (x86)\Common Files\Oracle\Java\java8path;C:\Program Files (x86)\Common Files\Oracle\Java\javapath;C:\WINDOWS\system32;C:\WINDOWS;C:\WINDOWS\System32\Wbem;C:\WINDOWS\System32\WindowsPowerShell\v1.0\;C:\WINDOWS\System32\OpenSSH\;C:\Program Files\Microsoft VS Code\bin;C:\Users\nezar.kanghi\AppData\Local\Microsoft\WindowsApps;C:\Users\nezar.kanghi\AppData\Local\Programs\Git\cmd
USERNAME=nezar.kanghi
OS=Windows_NT
PROCESSOR_IDENTIFIER=Intel64 Family 6 Model 151 Stepping 5, GenuineIntel
TMP=C:\Users\NEZAR~1.KAN\AppData\Local\Temp
TEMP=C:\Users\NEZAR~1.KAN\AppData\Local\Temp




Periodic native trim disabled

---------------  S Y S T E M  ---------------

OS:
 Windows 11 , 64 bit Build 26100 (10.0.26100.7920)
OS uptime: 0 days 1:40 hours
Hyper-V role detected

CPU: total 12 (initial active 12) (6 cores per cpu, 2 threads per core) family 6 model 151 stepping 5 microcode 0x35, cx8, cmov, fxsr, ht, mmx, 3dnowpref, sse, sse2, sse3, ssse3, sse4.1, sse4.2, popcnt, lzcnt, tsc, tscinvbit, avx, avx2, aes, erms, clmul, bmi1, bmi2, adx, sha, fma, vzeroupper, clflush, clflushopt, clwb, hv, serialize, rdtscp, rdpid, fsrm, f16c, cet_ibt, cet_ss
Processor Information for all 12 processors :
  Max Mhz: 3000, Current Mhz: 3000, Mhz Limit: 3000

Memory: 4k page, system-wide physical 16053M (2219M free)
TotalPageFile size 20534M (AvailPageFile size 5M)
current process WorkingSet (physical memory assigned to process): 209M, peak: 209M
current process commit charge ("private bytes"): 405M, peak: 406M

vm_info: Java HotSpot(TM) 64-Bit Server VM (21.0.2+13-LTS-58) for windows-amd64 JRE (21.0.2+13-LTS-58), built on 2024-01-05T18:32:24Z by "mach5one" with MS VC++ 17.1 (VS2022)

END.
