#
# There is insufficient memory for the Java Runtime Environment to continue.
# Native memory allocation (malloc) failed to allocate 704336 bytes for Chunk::new
# Possible reasons:
#   The system is out of physical RAM or swap space
#   The process is running with CompressedOops enabled, and the Java Heap may be blocking the growth of the native heap
# Possible solutions:
#   Reduce memory load on the system
#   Increase physical memory or swap space
#   Check if swap backing store is full
#   Decrease Java heap size (-Xmx/-Xms)
#   Decrease number of Java threads
#   Decrease Java thread stack sizes (-Xss)
#   Set larger code cache with -XX:ReservedCodeCacheSize=
#   JVM is running with Zero Based Compressed Oops mode in which the Java heap is
#     placed in the first 32GB address space. The Java Heap base address is the
#     maximum limit for the native heap growth. Please use -XX:HeapBaseMinAddress
#     to set the Java Heap base and to place the Java Heap above 32GB virtual address.
# This output file may be truncated or incomplete.
#
#  Out of Memory Error (arena.cpp:168), pid=20364, tid=5652
#
# JRE version: Java(TM) SE Runtime Environment (21.0.2+13) (build 21.0.2+13-LTS-58)
# Java VM: Java HotSpot(TM) 64-Bit Server VM (21.0.2+13-LTS-58, mixed mode, sharing, tiered, compressed oops, compressed class ptrs, g1 gc, windows-amd64)
# No core dump will be written. Minidumps are not enabled by default on client versions of Windows
#

---------------  S U M M A R Y ------------

Command Line: --module-path=C:\Users\nezar.kanghi\.m2\repository\org\openjfx\javafx-base\21.0.2\javafx-base-21.0.2-win.jar;C:\Users\nezar.kanghi\.m2\repository\org\openjfx\javafx-base\21.0.2\javafx-base-21.0.2.jar;C:\Users\nezar.kanghi\.m2\repository\org\openjfx\javafx-controls\21.0.2\javafx-controls-21.0.2-win.jar;C:\Users\nezar.kanghi\.m2\repository\org\openjfx\javafx-controls\21.0.2\javafx-controls-21.0.2.jar;C:\Users\nezar.kanghi\.m2\repository\org\openjfx\javafx-graphics\21.0.2\javafx-graphics-21.0.2-win.jar;C:\Users\nezar.kanghi\.m2\repository\org\openjfx\javafx-graphics\21.0.2\javafx-graphics-21.0.2.jar --add-modules=javafx.base,javafx.controls,javafx.graphics org.example.Ejercicio_11

Host: 12th Gen Intel(R) Core(TM) i5-12500, 12 cores, 15G,  Windows 11 , 64 bit Build 26100 (10.0.26100.7920)
Time: Fri May  8 10:12:14 2026 Hora de verano romance elapsed time: 0.560151 seconds (0d 0h 0m 0s)

---------------  T H R E A D  ---------------

Current thread (0x0000020bf34bca50):  JavaThread "C2 CompilerThread1" daemon [_thread_in_native, id=5652, stack(0x000000afdb500000,0x000000afdb600000) (1024K)]


Current CompileTask:
C2:    560 1170   !   4       com.sun.javafx.css.ParsedValueImpl::readBinary (691 bytes)

Stack: [0x000000afdb500000,0x000000afdb600000]
Native frames: (J=compiled Java code, j=interpreted, Vv=VM code, C=native code)
V  [jvm.dll+0x6cade9]
V  [jvm.dll+0x8569c1]
V  [jvm.dll+0x858d2e]
V  [jvm.dll+0x859413]
V  [jvm.dll+0x280e56]
V  [jvm.dll+0xc3f3d]
V  [jvm.dll+0xc4473]
V  [jvm.dll+0x2f437f]
V  [jvm.dll+0x5f5056]
V  [jvm.dll+0x252d7f]
V  [jvm.dll+0x25315f]
V  [jvm.dll+0x24b8e0]
V  [jvm.dll+0x2490a3]
V  [jvm.dll+0x1c9634]
V  [jvm.dll+0x258859]
V  [jvm.dll+0x256e3a]
V  [jvm.dll+0x3ef6c6]
V  [jvm.dll+0x7ff568]
V  [jvm.dll+0x6c953d]
C  [ucrtbase.dll+0x37b0]
C  [KERNEL32.DLL+0x2e8d7]
C  [ntdll.dll+0x8c48c]


---------------  P R O C E S S  ---------------

Threads class SMR info:
_java_thread_list=0x0000020bf3d75bb0, length=18, elements={
0x0000020bd1b71b20, 0x0000020bf2d9d640, 0x0000020bf2da01b0, 0x0000020bf2da5160,
0x0000020bf2da5e20, 0x0000020bf2da6ae0, 0x0000020bf3358530, 0x0000020bf335a8e0,
0x0000020bf2dae520, 0x0000020bf343b0b0, 0x0000020bf34bca50, 0x0000020bf36db420,
0x0000020bf373d370, 0x0000020bf380eda0, 0x0000020bf3eb2270, 0x0000020bf3ee3390,
0x0000020bfae80dc0, 0x0000020bfae4c360
}

Java Threads: ( => current thread )
  0x0000020bd1b71b20 JavaThread "main"                              [_thread_blocked, id=15272, stack(0x000000afda400000,0x000000afda500000) (1024K)]
  0x0000020bf2d9d640 JavaThread "Reference Handler"          daemon [_thread_blocked, id=13736, stack(0x000000afdac00000,0x000000afdad00000) (1024K)]
  0x0000020bf2da01b0 JavaThread "Finalizer"                  daemon [_thread_blocked, id=11044, stack(0x000000afdad00000,0x000000afdae00000) (1024K)]
  0x0000020bf2da5160 JavaThread "Signal Dispatcher"          daemon [_thread_blocked, id=19732, stack(0x000000afdae00000,0x000000afdaf00000) (1024K)]
  0x0000020bf2da5e20 JavaThread "Attach Listener"            daemon [_thread_blocked, id=18756, stack(0x000000afdaf00000,0x000000afdb000000) (1024K)]
  0x0000020bf2da6ae0 JavaThread "Service Thread"             daemon [_thread_blocked, id=13756, stack(0x000000afdb000000,0x000000afdb100000) (1024K)]
  0x0000020bf3358530 JavaThread "Monitor Deflation Thread"   daemon [_thread_blocked, id=19388, stack(0x000000afdb100000,0x000000afdb200000) (1024K)]
  0x0000020bf335a8e0 JavaThread "C2 CompilerThread0"         daemon [_thread_blocked, id=19328, stack(0x000000afdb200000,0x000000afdb300000) (1024K)]
  0x0000020bf2dae520 JavaThread "C1 CompilerThread0"         daemon [_thread_blocked, id=20476, stack(0x000000afdb300000,0x000000afdb400000) (1024K)]
  0x0000020bf343b0b0 JavaThread "Common-Cleaner"             daemon [_thread_blocked, id=19212, stack(0x000000afdb400000,0x000000afdb500000) (1024K)]
=>0x0000020bf34bca50 JavaThread "C2 CompilerThread1"         daemon [_thread_in_native, id=5652, stack(0x000000afdb500000,0x000000afdb600000) (1024K)]
  0x0000020bf36db420 JavaThread "C2 CompilerThread2"         daemon [_thread_blocked, id=14412, stack(0x000000afdb600000,0x000000afdb700000) (1024K)]
  0x0000020bf373d370 JavaThread "Notification Thread"        daemon [_thread_blocked, id=18996, stack(0x000000afdb700000,0x000000afdb800000) (1024K)]
  0x0000020bf380eda0 JavaThread "QuantumRenderer-0"          daemon [_thread_blocked, id=12500, stack(0x000000afdb800000,0x000000afdb900000) (1024K)]
  0x0000020bf3eb2270 JavaThread "InvokeLaterDispatcher"      daemon [_thread_blocked, id=9444, stack(0x000000afdbd00000,0x000000afdbe00000) (1024K)]
  0x0000020bf3ee3390 JavaThread "JavaFX Application Thread"         [_thread_in_native, id=19816, stack(0x000000afdbe00000,0x000000afdbf00000) (1024K)]
  0x0000020bfae80dc0 JavaThread "JavaFX-Launcher"                   [_thread_blocked, id=9148, stack(0x000000afdc000000,0x000000afdc100000) (1024K)]
  0x0000020bfae4c360 JavaThread "Thread-2"                   daemon [_thread_in_native, id=19216, stack(0x000000afdbf00000,0x000000afdc000000) (1024K)]
Total: 18

Other Threads:
  0x0000020bf2d7ce50 VMThread "VM Thread"                           [id=19860, stack(0x000000afdab00000,0x000000afdac00000) (1024K)]
  0x0000020bf2d64920 WatcherThread "VM Periodic Task Thread"        [id=17780, stack(0x000000afdaa00000,0x000000afdab00000) (1024K)]
  0x0000020bd1dacb60 WorkerThread "GC Thread#0"                     [id=12372, stack(0x000000afda500000,0x000000afda600000) (1024K)]
  0x0000020bfae91470 WorkerThread "GC Thread#1"                     [id=11908, stack(0x000000afdc100000,0x000000afdc200000) (1024K)]
  0x0000020bfae91810 WorkerThread "GC Thread#2"                     [id=9608, stack(0x000000afdc200000,0x000000afdc300000) (1024K)]
  0x0000020bfae929e0 WorkerThread "GC Thread#3"                     [id=11452, stack(0x000000afdc300000,0x000000afdc400000) (1024K)]
  0x0000020bfaec9520 WorkerThread "GC Thread#4"                     [id=19340, stack(0x000000afdc400000,0x000000afdc500000) (1024K)]
  0x0000020bfaec98c0 WorkerThread "GC Thread#5"                     [id=1660, stack(0x000000afdc500000,0x000000afdc600000) (1024K)]
  0x0000020bd1dbd610 ConcurrentGCThread "G1 Main Marker"            [id=2672, stack(0x000000afda600000,0x000000afda700000) (1024K)]
  0x0000020bd1dbe110 WorkerThread "G1 Conc#0"                       [id=9836, stack(0x000000afda700000,0x000000afda800000) (1024K)]
  0x0000020bd1e0e2a0 ConcurrentGCThread "G1 Refine#0"               [id=1668, stack(0x000000afda800000,0x000000afda900000) (1024K)]
  0x0000020bf2c39800 ConcurrentGCThread "G1 Service"                [id=20084, stack(0x000000afda900000,0x000000afdaa00000) (1024K)]
Total: 12

Threads with active compile tasks:
C2 CompilerThread1      573 1170   !   4       com.sun.javafx.css.ParsedValueImpl::readBinary (691 bytes)
Total: 1

VM state: not at safepoint (normal execution)

VM Mutex/Monitor currently owned by a thread: None

Heap address: 0x0000000705200000, size: 4014 MB, Compressed Oops mode: Zero based, Oop shift amount: 3

CDS archive(s) mapped at: [0x0000020b80000000-0x0000020b80c90000-0x0000020b80c90000), size 13172736, SharedBaseAddress: 0x0000020b80000000, ArchiveRelocationMode: 1.
Compressed class space mapped at: 0x0000020b81000000-0x0000020bc1000000, reserved size: 1073741824
Narrow klass base: 0x0000020b80000000, Narrow klass shift: 0, Narrow klass range: 0x100000000

GC Precious Log:
 CardTable entry size: 512
 Card Set container configuration: InlinePtr #cards 4 size 8 Array Of Cards #cards 16 size 48 Howl #buckets 8 coarsen threshold 3686 Howl Bitmap #cards 512 size 80 coarsen threshold 460 Card regions per heap region 1 cards per card region 4096
 CPUs: 12 total, 12 available
 Memory: 16053M
 Large Page Support: Disabled
 NUMA Support: Disabled
 Compressed Oops: Enabled (Zero based)
 Heap Region Size: 2M
 Heap Min Capacity: 8M
 Heap Initial Capacity: 252M
 Heap Max Capacity: 4014M
 Pre-touch: Disabled
 Parallel Workers: 10
 Concurrent Workers: 3
 Concurrent Refinement Workers: 10
 Periodic GC: Disabled

Heap:
 garbage-first heap   total 258048K, used 16543K [0x0000000705200000, 0x0000000800000000)
  region size 2048K, 11 young (22528K), 2 survivors (4096K)
 Metaspace       used 7235K, committed 7488K, reserved 1114112K
  class space    used 1044K, committed 1152K, reserved 1048576K

Heap Regions: E=young(eden), S=young(survivor), O=old, HS=humongous(starts), HC=humongous(continues), CS=collection set, F=free, TAMS=top-at-mark-start, PB=parsable bottom
|   0|0x0000000705200000, 0x0000000705200000, 0x0000000705400000|  0%| F|  |TAMS 0x0000000705200000| PB 0x0000000705200000| Untracked 
|   1|0x0000000705400000, 0x0000000705400000, 0x0000000705600000|  0%| F|  |TAMS 0x0000000705400000| PB 0x0000000705400000| Untracked 
|   2|0x0000000705600000, 0x0000000705600000, 0x0000000705800000|  0%| F|  |TAMS 0x0000000705600000| PB 0x0000000705600000| Untracked 
|   3|0x0000000705800000, 0x0000000705800000, 0x0000000705a00000|  0%| F|  |TAMS 0x0000000705800000| PB 0x0000000705800000| Untracked 
|   4|0x0000000705a00000, 0x0000000705a00000, 0x0000000705c00000|  0%| F|  |TAMS 0x0000000705a00000| PB 0x0000000705a00000| Untracked 
|   5|0x0000000705c00000, 0x0000000705c00000, 0x0000000705e00000|  0%| F|  |TAMS 0x0000000705c00000| PB 0x0000000705c00000| Untracked 
|   6|0x0000000705e00000, 0x0000000705e00000, 0x0000000706000000|  0%| F|  |TAMS 0x0000000705e00000| PB 0x0000000705e00000| Untracked 
|   7|0x0000000706000000, 0x0000000706000000, 0x0000000706200000|  0%| F|  |TAMS 0x0000000706000000| PB 0x0000000706000000| Untracked 
|   8|0x0000000706200000, 0x0000000706200000, 0x0000000706400000|  0%| F|  |TAMS 0x0000000706200000| PB 0x0000000706200000| Untracked 
|   9|0x0000000706400000, 0x0000000706400000, 0x0000000706600000|  0%| F|  |TAMS 0x0000000706400000| PB 0x0000000706400000| Untracked 
|  10|0x0000000706600000, 0x0000000706600000, 0x0000000706800000|  0%| F|  |TAMS 0x0000000706600000| PB 0x0000000706600000| Untracked 
|  11|0x0000000706800000, 0x0000000706800000, 0x0000000706a00000|  0%| F|  |TAMS 0x0000000706800000| PB 0x0000000706800000| Untracked 
|  12|0x0000000706a00000, 0x0000000706a00000, 0x0000000706c00000|  0%| F|  |TAMS 0x0000000706a00000| PB 0x0000000706a00000| Untracked 
|  13|0x0000000706c00000, 0x0000000706c00000, 0x0000000706e00000|  0%| F|  |TAMS 0x0000000706c00000| PB 0x0000000706c00000| Untracked 
|  14|0x0000000706e00000, 0x0000000706e00000, 0x0000000707000000|  0%| F|  |TAMS 0x0000000706e00000| PB 0x0000000706e00000| Untracked 
|  15|0x0000000707000000, 0x0000000707000000, 0x0000000707200000|  0%| F|  |TAMS 0x0000000707000000| PB 0x0000000707000000| Untracked 
|  16|0x0000000707200000, 0x0000000707200000, 0x0000000707400000|  0%| F|  |TAMS 0x0000000707200000| PB 0x0000000707200000| Untracked 
|  17|0x0000000707400000, 0x0000000707400000, 0x0000000707600000|  0%| F|  |TAMS 0x0000000707400000| PB 0x0000000707400000| Untracked 
|  18|0x0000000707600000, 0x0000000707600000, 0x0000000707800000|  0%| F|  |TAMS 0x0000000707600000| PB 0x0000000707600000| Untracked 
|  19|0x0000000707800000, 0x0000000707800000, 0x0000000707a00000|  0%| F|  |TAMS 0x0000000707800000| PB 0x0000000707800000| Untracked 
|  20|0x0000000707a00000, 0x0000000707a00000, 0x0000000707c00000|  0%| F|  |TAMS 0x0000000707a00000| PB 0x0000000707a00000| Untracked 
|  21|0x0000000707c00000, 0x0000000707c00000, 0x0000000707e00000|  0%| F|  |TAMS 0x0000000707c00000| PB 0x0000000707c00000| Untracked 
|  22|0x0000000707e00000, 0x0000000707e00000, 0x0000000708000000|  0%| F|  |TAMS 0x0000000707e00000| PB 0x0000000707e00000| Untracked 
|  23|0x0000000708000000, 0x0000000708000000, 0x0000000708200000|  0%| F|  |TAMS 0x0000000708000000| PB 0x0000000708000000| Untracked 
|  24|0x0000000708200000, 0x0000000708200000, 0x0000000708400000|  0%| F|  |TAMS 0x0000000708200000| PB 0x0000000708200000| Untracked 
|  25|0x0000000708400000, 0x0000000708400000, 0x0000000708600000|  0%| F|  |TAMS 0x0000000708400000| PB 0x0000000708400000| Untracked 
|  26|0x0000000708600000, 0x0000000708600000, 0x0000000708800000|  0%| F|  |TAMS 0x0000000708600000| PB 0x0000000708600000| Untracked 
|  27|0x0000000708800000, 0x0000000708800000, 0x0000000708a00000|  0%| F|  |TAMS 0x0000000708800000| PB 0x0000000708800000| Untracked 
|  28|0x0000000708a00000, 0x0000000708a00000, 0x0000000708c00000|  0%| F|  |TAMS 0x0000000708a00000| PB 0x0000000708a00000| Untracked 
|  29|0x0000000708c00000, 0x0000000708c00000, 0x0000000708e00000|  0%| F|  |TAMS 0x0000000708c00000| PB 0x0000000708c00000| Untracked 
|  30|0x0000000708e00000, 0x0000000708e00000, 0x0000000709000000|  0%| F|  |TAMS 0x0000000708e00000| PB 0x0000000708e00000| Untracked 
|  31|0x0000000709000000, 0x0000000709000000, 0x0000000709200000|  0%| F|  |TAMS 0x0000000709000000| PB 0x0000000709000000| Untracked 
|  32|0x0000000709200000, 0x0000000709200000, 0x0000000709400000|  0%| F|  |TAMS 0x0000000709200000| PB 0x0000000709200000| Untracked 
|  33|0x0000000709400000, 0x0000000709400000, 0x0000000709600000|  0%| F|  |TAMS 0x0000000709400000| PB 0x0000000709400000| Untracked 
|  34|0x0000000709600000, 0x0000000709600000, 0x0000000709800000|  0%| F|  |TAMS 0x0000000709600000| PB 0x0000000709600000| Untracked 
|  35|0x0000000709800000, 0x0000000709800000, 0x0000000709a00000|  0%| F|  |TAMS 0x0000000709800000| PB 0x0000000709800000| Untracked 
|  36|0x0000000709a00000, 0x0000000709a00000, 0x0000000709c00000|  0%| F|  |TAMS 0x0000000709a00000| PB 0x0000000709a00000| Untracked 
|  37|0x0000000709c00000, 0x0000000709c00000, 0x0000000709e00000|  0%| F|  |TAMS 0x0000000709c00000| PB 0x0000000709c00000| Untracked 
|  38|0x0000000709e00000, 0x0000000709e00000, 0x000000070a000000|  0%| F|  |TAMS 0x0000000709e00000| PB 0x0000000709e00000| Untracked 
|  39|0x000000070a000000, 0x000000070a000000, 0x000000070a200000|  0%| F|  |TAMS 0x000000070a000000| PB 0x000000070a000000| Untracked 
|  40|0x000000070a200000, 0x000000070a200000, 0x000000070a400000|  0%| F|  |TAMS 0x000000070a200000| PB 0x000000070a200000| Untracked 
|  41|0x000000070a400000, 0x000000070a400000, 0x000000070a600000|  0%| F|  |TAMS 0x000000070a400000| PB 0x000000070a400000| Untracked 
|  42|0x000000070a600000, 0x000000070a600000, 0x000000070a800000|  0%| F|  |TAMS 0x000000070a600000| PB 0x000000070a600000| Untracked 
|  43|0x000000070a800000, 0x000000070a800000, 0x000000070aa00000|  0%| F|  |TAMS 0x000000070a800000| PB 0x000000070a800000| Untracked 
|  44|0x000000070aa00000, 0x000000070aa00000, 0x000000070ac00000|  0%| F|  |TAMS 0x000000070aa00000| PB 0x000000070aa00000| Untracked 
|  45|0x000000070ac00000, 0x000000070ac00000, 0x000000070ae00000|  0%| F|  |TAMS 0x000000070ac00000| PB 0x000000070ac00000| Untracked 
|  46|0x000000070ae00000, 0x000000070ae00000, 0x000000070b000000|  0%| F|  |TAMS 0x000000070ae00000| PB 0x000000070ae00000| Untracked 
|  47|0x000000070b000000, 0x000000070b000000, 0x000000070b200000|  0%| F|  |TAMS 0x000000070b000000| PB 0x000000070b000000| Untracked 
|  48|0x000000070b200000, 0x000000070b200000, 0x000000070b400000|  0%| F|  |TAMS 0x000000070b200000| PB 0x000000070b200000| Untracked 
|  49|0x000000070b400000, 0x000000070b400000, 0x000000070b600000|  0%| F|  |TAMS 0x000000070b400000| PB 0x000000070b400000| Untracked 
|  50|0x000000070b600000, 0x000000070b600000, 0x000000070b800000|  0%| F|  |TAMS 0x000000070b600000| PB 0x000000070b600000| Untracked 
|  51|0x000000070b800000, 0x000000070b800000, 0x000000070ba00000|  0%| F|  |TAMS 0x000000070b800000| PB 0x000000070b800000| Untracked 
|  52|0x000000070ba00000, 0x000000070ba00000, 0x000000070bc00000|  0%| F|  |TAMS 0x000000070ba00000| PB 0x000000070ba00000| Untracked 
|  53|0x000000070bc00000, 0x000000070bc00000, 0x000000070be00000|  0%| F|  |TAMS 0x000000070bc00000| PB 0x000000070bc00000| Untracked 
|  54|0x000000070be00000, 0x000000070be00000, 0x000000070c000000|  0%| F|  |TAMS 0x000000070be00000| PB 0x000000070be00000| Untracked 
|  55|0x000000070c000000, 0x000000070c000000, 0x000000070c200000|  0%| F|  |TAMS 0x000000070c000000| PB 0x000000070c000000| Untracked 
|  56|0x000000070c200000, 0x000000070c200000, 0x000000070c400000|  0%| F|  |TAMS 0x000000070c200000| PB 0x000000070c200000| Untracked 
|  57|0x000000070c400000, 0x000000070c400000, 0x000000070c600000|  0%| F|  |TAMS 0x000000070c400000| PB 0x000000070c400000| Untracked 
|  58|0x000000070c600000, 0x000000070c600000, 0x000000070c800000|  0%| F|  |TAMS 0x000000070c600000| PB 0x000000070c600000| Untracked 
|  59|0x000000070c800000, 0x000000070c800000, 0x000000070ca00000|  0%| F|  |TAMS 0x000000070c800000| PB 0x000000070c800000| Untracked 
|  60|0x000000070ca00000, 0x000000070ca00000, 0x000000070cc00000|  0%| F|  |TAMS 0x000000070ca00000| PB 0x000000070ca00000| Untracked 
|  61|0x000000070cc00000, 0x000000070cc00000, 0x000000070ce00000|  0%| F|  |TAMS 0x000000070cc00000| PB 0x000000070cc00000| Untracked 
|  62|0x000000070ce00000, 0x000000070ce00000, 0x000000070d000000|  0%| F|  |TAMS 0x000000070ce00000| PB 0x000000070ce00000| Untracked 
|  63|0x000000070d000000, 0x000000070d000000, 0x000000070d200000|  0%| F|  |TAMS 0x000000070d000000| PB 0x000000070d000000| Untracked 
|  64|0x000000070d200000, 0x000000070d200000, 0x000000070d400000|  0%| F|  |TAMS 0x000000070d200000| PB 0x000000070d200000| Untracked 
|  65|0x000000070d400000, 0x000000070d400000, 0x000000070d600000|  0%| F|  |TAMS 0x000000070d400000| PB 0x000000070d400000| Untracked 
|  66|0x000000070d600000, 0x000000070d600000, 0x000000070d800000|  0%| F|  |TAMS 0x000000070d600000| PB 0x000000070d600000| Untracked 
|  67|0x000000070d800000, 0x000000070d800000, 0x000000070da00000|  0%| F|  |TAMS 0x000000070d800000| PB 0x000000070d800000| Untracked 
|  68|0x000000070da00000, 0x000000070da00000, 0x000000070dc00000|  0%| F|  |TAMS 0x000000070da00000| PB 0x000000070da00000| Untracked 
|  69|0x000000070dc00000, 0x000000070dc00000, 0x000000070de00000|  0%| F|  |TAMS 0x000000070dc00000| PB 0x000000070dc00000| Untracked 
|  70|0x000000070de00000, 0x000000070de00000, 0x000000070e000000|  0%| F|  |TAMS 0x000000070de00000| PB 0x000000070de00000| Untracked 
|  71|0x000000070e000000, 0x000000070e000000, 0x000000070e200000|  0%| F|  |TAMS 0x000000070e000000| PB 0x000000070e000000| Untracked 
|  72|0x000000070e200000, 0x000000070e200000, 0x000000070e400000|  0%| F|  |TAMS 0x000000070e200000| PB 0x000000070e200000| Untracked 
|  73|0x000000070e400000, 0x000000070e400000, 0x000000070e600000|  0%| F|  |TAMS 0x000000070e400000| PB 0x000000070e400000| Untracked 
|  74|0x000000070e600000, 0x000000070e600000, 0x000000070e800000|  0%| F|  |TAMS 0x000000070e600000| PB 0x000000070e600000| Untracked 
|  75|0x000000070e800000, 0x000000070e800000, 0x000000070ea00000|  0%| F|  |TAMS 0x000000070e800000| PB 0x000000070e800000| Untracked 
|  76|0x000000070ea00000, 0x000000070ea00000, 0x000000070ec00000|  0%| F|  |TAMS 0x000000070ea00000| PB 0x000000070ea00000| Untracked 
|  77|0x000000070ec00000, 0x000000070ec00000, 0x000000070ee00000|  0%| F|  |TAMS 0x000000070ec00000| PB 0x000000070ec00000| Untracked 
|  78|0x000000070ee00000, 0x000000070ee00000, 0x000000070f000000|  0%| F|  |TAMS 0x000000070ee00000| PB 0x000000070ee00000| Untracked 
|  79|0x000000070f000000, 0x000000070f000000, 0x000000070f200000|  0%| F|  |TAMS 0x000000070f000000| PB 0x000000070f000000| Untracked 
|  80|0x000000070f200000, 0x000000070f200000, 0x000000070f400000|  0%| F|  |TAMS 0x000000070f200000| PB 0x000000070f200000| Untracked 
|  81|0x000000070f400000, 0x000000070f400000, 0x000000070f600000|  0%| F|  |TAMS 0x000000070f400000| PB 0x000000070f400000| Untracked 
|  82|0x000000070f600000, 0x000000070f600000, 0x000000070f800000|  0%| F|  |TAMS 0x000000070f600000| PB 0x000000070f600000| Untracked 
|  83|0x000000070f800000, 0x000000070f800000, 0x000000070fa00000|  0%| F|  |TAMS 0x000000070f800000| PB 0x000000070f800000| Untracked 
|  84|0x000000070fa00000, 0x000000070fa00000, 0x000000070fc00000|  0%| F|  |TAMS 0x000000070fa00000| PB 0x000000070fa00000| Untracked 
|  85|0x000000070fc00000, 0x000000070fc00000, 0x000000070fe00000|  0%| F|  |TAMS 0x000000070fc00000| PB 0x000000070fc00000| Untracked 
|  86|0x000000070fe00000, 0x000000070fe00000, 0x0000000710000000|  0%| F|  |TAMS 0x000000070fe00000| PB 0x000000070fe00000| Untracked 
|  87|0x0000000710000000, 0x0000000710000000, 0x0000000710200000|  0%| F|  |TAMS 0x0000000710000000| PB 0x0000000710000000| Untracked 
|  88|0x0000000710200000, 0x0000000710200000, 0x0000000710400000|  0%| F|  |TAMS 0x0000000710200000| PB 0x0000000710200000| Untracked 
|  89|0x0000000710400000, 0x0000000710400000, 0x0000000710600000|  0%| F|  |TAMS 0x0000000710400000| PB 0x0000000710400000| Untracked 
|  90|0x0000000710600000, 0x0000000710600000, 0x0000000710800000|  0%| F|  |TAMS 0x0000000710600000| PB 0x0000000710600000| Untracked 
|  91|0x0000000710800000, 0x0000000710800000, 0x0000000710a00000|  0%| F|  |TAMS 0x0000000710800000| PB 0x0000000710800000| Untracked 
|  92|0x0000000710a00000, 0x0000000710a00000, 0x0000000710c00000|  0%| F|  |TAMS 0x0000000710a00000| PB 0x0000000710a00000| Untracked 
|  93|0x0000000710c00000, 0x0000000710c00000, 0x0000000710e00000|  0%| F|  |TAMS 0x0000000710c00000| PB 0x0000000710c00000| Untracked 
|  94|0x0000000710e00000, 0x0000000710e00000, 0x0000000711000000|  0%| F|  |TAMS 0x0000000710e00000| PB 0x0000000710e00000| Untracked 
|  95|0x0000000711000000, 0x0000000711000000, 0x0000000711200000|  0%| F|  |TAMS 0x0000000711000000| PB 0x0000000711000000| Untracked 
|  96|0x0000000711200000, 0x0000000711200000, 0x0000000711400000|  0%| F|  |TAMS 0x0000000711200000| PB 0x0000000711200000| Untracked 
|  97|0x0000000711400000, 0x0000000711400000, 0x0000000711600000|  0%| F|  |TAMS 0x0000000711400000| PB 0x0000000711400000| Untracked 
|  98|0x0000000711600000, 0x0000000711600000, 0x0000000711800000|  0%| F|  |TAMS 0x0000000711600000| PB 0x0000000711600000| Untracked 
|  99|0x0000000711800000, 0x0000000711800000, 0x0000000711a00000|  0%| F|  |TAMS 0x0000000711800000| PB 0x0000000711800000| Untracked 
| 100|0x0000000711a00000, 0x0000000711a00000, 0x0000000711c00000|  0%| F|  |TAMS 0x0000000711a00000| PB 0x0000000711a00000| Untracked 
| 101|0x0000000711c00000, 0x0000000711c00000, 0x0000000711e00000|  0%| F|  |TAMS 0x0000000711c00000| PB 0x0000000711c00000| Untracked 
| 102|0x0000000711e00000, 0x0000000711e00000, 0x0000000712000000|  0%| F|  |TAMS 0x0000000711e00000| PB 0x0000000711e00000| Untracked 
| 103|0x0000000712000000, 0x0000000712000000, 0x0000000712200000|  0%| F|  |TAMS 0x0000000712000000| PB 0x0000000712000000| Untracked 
| 104|0x0000000712200000, 0x0000000712200000, 0x0000000712400000|  0%| F|  |TAMS 0x0000000712200000| PB 0x0000000712200000| Untracked 
| 105|0x0000000712400000, 0x0000000712400000, 0x0000000712600000|  0%| F|  |TAMS 0x0000000712400000| PB 0x0000000712400000| Untracked 
| 106|0x0000000712600000, 0x0000000712600000, 0x0000000712800000|  0%| F|  |TAMS 0x0000000712600000| PB 0x0000000712600000| Untracked 
| 107|0x0000000712800000, 0x0000000712800000, 0x0000000712a00000|  0%| F|  |TAMS 0x0000000712800000| PB 0x0000000712800000| Untracked 
| 108|0x0000000712a00000, 0x0000000712a00000, 0x0000000712c00000|  0%| F|  |TAMS 0x0000000712a00000| PB 0x0000000712a00000| Untracked 
| 109|0x0000000712c00000, 0x0000000712c00000, 0x0000000712e00000|  0%| F|  |TAMS 0x0000000712c00000| PB 0x0000000712c00000| Untracked 
| 110|0x0000000712e00000, 0x0000000712e00000, 0x0000000713000000|  0%| F|  |TAMS 0x0000000712e00000| PB 0x0000000712e00000| Untracked 
| 111|0x0000000713000000, 0x0000000713000000, 0x0000000713200000|  0%| F|  |TAMS 0x0000000713000000| PB 0x0000000713000000| Untracked 
| 112|0x0000000713200000, 0x0000000713200000, 0x0000000713400000|  0%| F|  |TAMS 0x0000000713200000| PB 0x0000000713200000| Untracked 
| 113|0x0000000713400000, 0x0000000713427ff0, 0x0000000713600000|  7%| S|CS|TAMS 0x0000000713400000| PB 0x0000000713400000| Complete 
| 114|0x0000000713600000, 0x0000000713800000, 0x0000000713800000|100%| S|CS|TAMS 0x0000000713600000| PB 0x0000000713600000| Complete 
| 115|0x0000000713800000, 0x0000000713800000, 0x0000000713a00000|  0%| F|  |TAMS 0x0000000713800000| PB 0x0000000713800000| Untracked 
| 116|0x0000000713a00000, 0x0000000713a00000, 0x0000000713c00000|  0%| F|  |TAMS 0x0000000713a00000| PB 0x0000000713a00000| Untracked 
| 117|0x0000000713c00000, 0x0000000713c7d0c8, 0x0000000713e00000| 24%| E|  |TAMS 0x0000000713c00000| PB 0x0000000713c00000| Complete 
| 118|0x0000000713e00000, 0x0000000714000000, 0x0000000714000000|100%| E|CS|TAMS 0x0000000713e00000| PB 0x0000000713e00000| Complete 
| 119|0x0000000714000000, 0x0000000714200000, 0x0000000714200000|100%| E|CS|TAMS 0x0000000714000000| PB 0x0000000714000000| Complete 
| 120|0x0000000714200000, 0x0000000714400000, 0x0000000714400000|100%| E|CS|TAMS 0x0000000714200000| PB 0x0000000714200000| Complete 
| 121|0x0000000714400000, 0x0000000714600000, 0x0000000714600000|100%| E|CS|TAMS 0x0000000714400000| PB 0x0000000714400000| Complete 
| 122|0x0000000714600000, 0x0000000714800000, 0x0000000714800000|100%| E|CS|TAMS 0x0000000714600000| PB 0x0000000714600000| Complete 
| 123|0x0000000714800000, 0x0000000714a00000, 0x0000000714a00000|100%| E|CS|TAMS 0x0000000714800000| PB 0x0000000714800000| Complete 
| 124|0x0000000714a00000, 0x0000000714c00000, 0x0000000714c00000|100%| E|  |TAMS 0x0000000714a00000| PB 0x0000000714a00000| Complete 
| 125|0x0000000714c00000, 0x0000000714e00000, 0x0000000714e00000|100%| E|CS|TAMS 0x0000000714c00000| PB 0x0000000714c00000| Complete 

Card table byte_map: [0x0000020bebe10000,0x0000020bec5f0000] _byte_map_base: 0x0000020be85e7000

Marking Bits: (CMBitMap*) 0x0000020bd1dad260
 Bits: [0x0000020bec5f0000, 0x0000020bf04a8000)

Polling page: 0x0000020bd1e10000

Metaspace:

Usage:
  Non-class:      6.10 MB used.
      Class:      1.04 MB used.
       Both:      7.13 MB used.

Virtual space:
  Non-class space:       64.00 MB reserved,       6.25 MB ( 10%) committed,  1 nodes.
      Class space:        1.00 GB reserved,       1.12 MB ( <1%) committed,  1 nodes.
             Both:        1.06 GB reserved,       7.38 MB ( <1%) committed. 

Chunk freelists:
   Non-Class:  7.61 MB
       Class:  14.83 MB
        Both:  22.44 MB

MaxMetaspaceSize: unlimited
CompressedClassSpaceSize: 1.00 GB
Initial GC threshold: 21.00 MB
Current GC threshold: 21.00 MB
CDS: on
 - commit_granule_bytes: 65536.
 - commit_granule_words: 8192.
 - virtual_space_node_default_size: 8388608.
 - enlarge_chunks_in_place: 1.
 - use_allocation_guard: 0.


Internal statistics:

num_allocs_failed_limit: 0.
num_arena_births: 128.
num_arena_deaths: 0.
num_vsnodes_births: 2.
num_vsnodes_deaths: 0.
num_space_committed: 118.
num_space_uncommitted: 0.
num_chunks_returned_to_freelist: 0.
num_chunks_taken_from_freelist: 363.
num_chunk_merges: 0.
num_chunk_splits: 254.
num_chunks_enlarged: 191.
num_inconsistent_stats: 0.

CodeHeap 'non-profiled nmethods': size=120000Kb used=448Kb max_used=448Kb free=119551Kb
 bounds [0x0000020be3460000, 0x0000020be36d0000, 0x0000020bea990000]
CodeHeap 'profiled nmethods': size=120000Kb used=2088Kb max_used=2088Kb free=117911Kb
 bounds [0x0000020bdb990000, 0x0000020bdbc00000, 0x0000020be2ec0000]
CodeHeap 'non-nmethods': size=5760Kb used=1474Kb max_used=1487Kb free=4286Kb
 bounds [0x0000020be2ec0000, 0x0000020be3130000, 0x0000020be3460000]
 total_blobs=1780 nmethods=1223 adapters=462
 compilation: enabled
              stopped_count=0, restarted_count=0
 full_count=0

Compilation events (20 events):
Event: 0.552 Thread 0x0000020bf2dae520 nmethod 1193 0x0000020bdbb8a690 code [0x0000020bdbb8a860, 0x0000020bdbb8ab48]
Event: 0.552 Thread 0x0000020bf2dae520 1194       3       java.util.concurrent.ConcurrentHashMap$ValueIterator::next (34 bytes)
Event: 0.552 Thread 0x0000020bf2dae520 nmethod 1194 0x0000020bdbb8ac10 code [0x0000020bdbb8ade0, 0x0000020bdbb8b0b8]
Event: 0.552 Thread 0x0000020bf2dae520 1196   !   3       java.nio.DirectByteBuffer::get (34 bytes)
Event: 0.553 Thread 0x0000020bf2dae520 nmethod 1196 0x0000020bdbb8b210 code [0x0000020bdbb8b460, 0x0000020bdbb8bdb8]
Event: 0.553 Thread 0x0000020bf2dae520 1199   !   3       jdk.internal.misc.ScopedMemoryAccess::getByteInternal (34 bytes)
Event: 0.553 Thread 0x0000020bf2dae520 nmethod 1199 0x0000020bdbb8c290 code [0x0000020bdbb8c440, 0x0000020bdbb8c6a8]
Event: 0.553 Thread 0x0000020bf2dae520 1198   !   3       jdk.internal.misc.ScopedMemoryAccess::getByte (16 bytes)
Event: 0.553 Thread 0x0000020bf2dae520 nmethod 1198 0x0000020bdbb8c810 code [0x0000020bdbb8ca00, 0x0000020bdbb8cde8]
Event: 0.553 Thread 0x0000020bf2dae520 1197       3       java.nio.DirectByteBuffer::ix (10 bytes)
Event: 0.553 Thread 0x0000020bf2dae520 nmethod 1197 0x0000020bdbb8d010 code [0x0000020bdbb8d1a0, 0x0000020bdbb8d2b8]
Event: 0.553 Thread 0x0000020bf2dae520 1200       1       java.nio.Buffer::limit (5 bytes)
Event: 0.553 Thread 0x0000020bf2dae520 nmethod 1200 0x0000020be34cee10 code [0x0000020be34cefa0, 0x0000020be34cf068]
Event: 0.553 Thread 0x0000020bf2dae520 1201   !   3       java.io.WinNTFileSystem::isInvalid (78 bytes)
Event: 0.554 Thread 0x0000020bf2dae520 nmethod 1201 0x0000020bdbb8d390 code [0x0000020bdbb8d560, 0x0000020bdbb8d7b8]
Event: 0.557 Thread 0x0000020bf2dae520 1202       3       java.util.ImmutableCollections$List12::size (16 bytes)
Event: 0.557 Thread 0x0000020bf2dae520 nmethod 1202 0x0000020bdbb8d910 code [0x0000020bdbb8dac0, 0x0000020bdbb8dc58]
Event: 0.557 Thread 0x0000020bf2dae520 1203       3       java.lang.invoke.Invokers$Holder::linkToTargetMethod (9 bytes)
Event: 0.557 Thread 0x0000020bf2dae520 nmethod 1203 0x0000020bdbb8dd10 code [0x0000020bdbb8dee0, 0x0000020bdbb8e2a0]
Event: 0.557 Thread 0x0000020bf2dae520 1204       3       java.util.Properties$LineReader::readLine (584 bytes)

GC Heap History (2 events):
Event: 0.419 GC heap before
{Heap before GC invocations=0 (full 0):
 garbage-first heap   total 258048K, used 22528K [0x0000000705200000, 0x0000000800000000)
  region size 2048K, 11 young (22528K), 0 survivors (0K)
 Metaspace       used 3947K, committed 4160K, reserved 1114112K
  class space    used 477K, committed 576K, reserved 1048576K
}
Event: 0.421 GC heap after
{Heap after GC invocations=1 (full 0):
 garbage-first heap   total 258048K, used 2207K [0x0000000705200000, 0x0000000800000000)
  region size 2048K, 2 young (4096K), 2 survivors (4096K)
 Metaspace       used 3947K, committed 4160K, reserved 1114112K
  class space    used 477K, committed 576K, reserved 1048576K
}

Dll operation events (20 events):
Event: 0.220 Loaded shared library C:\Users\nezar.kanghi\.openjfx\cache\21.0.2+5\amd64\api-ms-win-crt-locale-l1-1-0.dll
Event: 0.221 Loaded shared library C:\Users\nezar.kanghi\.openjfx\cache\21.0.2+5\amd64\api-ms-win-crt-math-l1-1-0.dll
Event: 0.223 Loaded shared library C:\Users\nezar.kanghi\.openjfx\cache\21.0.2+5\amd64\api-ms-win-crt-multibyte-l1-1-0.dll
Event: 0.225 Loaded shared library C:\Users\nezar.kanghi\.openjfx\cache\21.0.2+5\amd64\api-ms-win-crt-private-l1-1-0.dll
Event: 0.227 Loaded shared library C:\Users\nezar.kanghi\.openjfx\cache\21.0.2+5\amd64\api-ms-win-crt-process-l1-1-0.dll
Event: 0.228 Loaded shared library C:\Users\nezar.kanghi\.openjfx\cache\21.0.2+5\amd64\api-ms-win-crt-runtime-l1-1-0.dll
Event: 0.231 Loaded shared library C:\Users\nezar.kanghi\.openjfx\cache\21.0.2+5\amd64\api-ms-win-crt-stdio-l1-1-0.dll
Event: 0.233 Loaded shared library C:\Users\nezar.kanghi\.openjfx\cache\21.0.2+5\amd64\api-ms-win-crt-string-l1-1-0.dll
Event: 0.235 Loaded shared library C:\Users\nezar.kanghi\.openjfx\cache\21.0.2+5\amd64\api-ms-win-crt-time-l1-1-0.dll
Event: 0.236 Loaded shared library C:\Users\nezar.kanghi\.openjfx\cache\21.0.2+5\amd64\api-ms-win-crt-utility-l1-1-0.dll
Event: 0.247 Loaded shared library C:\Users\nezar.kanghi\.openjfx\cache\21.0.2+5\amd64\ucrtbase.dll
Event: 0.250 Loaded shared library C:\Users\nezar.kanghi\.openjfx\cache\21.0.2+5\amd64\vcruntime140.dll
Event: 0.252 Loaded shared library C:\Users\nezar.kanghi\.openjfx\cache\21.0.2+5\amd64\vcruntime140_1.dll
Event: 0.258 Loaded shared library C:\Users\nezar.kanghi\.openjfx\cache\21.0.2+5\amd64\msvcp140.dll
Event: 0.260 Loaded shared library C:\Users\nezar.kanghi\.openjfx\cache\21.0.2+5\amd64\msvcp140_1.dll
Event: 0.263 Loaded shared library C:\Users\nezar.kanghi\.openjfx\cache\21.0.2+5\amd64\msvcp140_2.dll
Event: 0.285 Loaded shared library C:\Users\nezar.kanghi\.openjfx\cache\21.0.2+5\amd64\prism_d3d.dll
Event: 0.339 Loaded shared library C:\Users\nezar.kanghi\.openjfx\cache\21.0.2+5\amd64\glass.dll
Event: 0.473 Loaded shared library C:\Users\nezar.kanghi\.openjfx\cache\21.0.2+5\amd64\javafx_font.dll
Event: 0.551 Loaded shared library C:\Program Files\Java\jdk-21\bin\jimage.dll

Deoptimization events (20 events):
Event: 0.519 Thread 0x0000020bf3ee3390 DEOPT PACKING pc=0x0000020bdbb6197f sp=0x000000afdbefcb60
Event: 0.519 Thread 0x0000020bf3ee3390 DEOPT UNPACKING pc=0x0000020be2f14e42 sp=0x000000afdbefbfe0 mode 0
Event: 0.519 Thread 0x0000020bf3ee3390 Uncommon trap: trap_request=0xffffffc6 fr.pc=0x0000020be34c74c4 relative=0x00000000000015e4
Event: 0.519 Thread 0x0000020bf3ee3390 Uncommon trap: reason=bimorphic_or_optimized_type_check action=maybe_recompile pc=0x0000020be34c74c4 method=java.io.DataInputStream.readFully([BII)V @ 30 c2
Event: 0.519 Thread 0x0000020bf3ee3390 DEOPT PACKING pc=0x0000020be34c74c4 sp=0x000000afdbefcd60
Event: 0.519 Thread 0x0000020bf3ee3390 DEOPT UNPACKING pc=0x0000020be2f146a2 sp=0x000000afdbefccf0 mode 2
Event: 0.519 Thread 0x0000020bf3ee3390 DEOPT PACKING pc=0x0000020bdbb6197f sp=0x000000afdbefcc00
Event: 0.519 Thread 0x0000020bf3ee3390 DEOPT UNPACKING pc=0x0000020be2f14e42 sp=0x000000afdbefc080 mode 0
Event: 0.520 Thread 0x0000020bf3ee3390 DEOPT PACKING pc=0x0000020bdbb6197f sp=0x000000afdbefcc00
Event: 0.520 Thread 0x0000020bf3ee3390 DEOPT UNPACKING pc=0x0000020be2f14e42 sp=0x000000afdbefc080 mode 0
Event: 0.521 Thread 0x0000020bf3ee3390 DEOPT PACKING pc=0x0000020bdbb6197f sp=0x000000afdbefcd00
Event: 0.521 Thread 0x0000020bf3ee3390 DEOPT UNPACKING pc=0x0000020be2f14e42 sp=0x000000afdbefc180 mode 0
Event: 0.556 Thread 0x0000020bf3ee3390 Uncommon trap: trap_request=0xffffff45 fr.pc=0x0000020be34b8480 relative=0x0000000000000160
Event: 0.556 Thread 0x0000020bf3ee3390 Uncommon trap: reason=unstable_if action=reinterpret pc=0x0000020be34b8480 method=java.util.concurrent.locks.ReentrantLock$NonfairSync.initialTryLock()Z @ 10 c2
Event: 0.556 Thread 0x0000020bf3ee3390 DEOPT PACKING pc=0x0000020be34b8480 sp=0x000000afdbefc640
Event: 0.556 Thread 0x0000020bf3ee3390 DEOPT UNPACKING pc=0x0000020be2f146a2 sp=0x000000afdbefc5e8 mode 2
Event: 0.556 Thread 0x0000020bf3ee3390 Uncommon trap: trap_request=0xffffff45 fr.pc=0x0000020be34b8074 relative=0x00000000000000d4
Event: 0.556 Thread 0x0000020bf3ee3390 Uncommon trap: reason=unstable_if action=reinterpret pc=0x0000020be34b8074 method=java.util.concurrent.locks.ReentrantLock$Sync.tryRelease(I)Z @ 26 c2
Event: 0.556 Thread 0x0000020bf3ee3390 DEOPT PACKING pc=0x0000020be34b8074 sp=0x000000afdbefc380
Event: 0.556 Thread 0x0000020bf3ee3390 DEOPT UNPACKING pc=0x0000020be2f146a2 sp=0x000000afdbefc320 mode 2

Classes loaded (20 events):
Event: 0.524 Loading class java/util/WeakHashMap$ValueIterator
Event: 0.524 Loading class java/util/WeakHashMap$ValueIterator done
Event: 0.524 Loading class java/util/EventListener
Event: 0.524 Loading class java/util/EventListener done
Event: 0.527 Loading class java/lang/CloneNotSupportedException
Event: 0.527 Loading class java/lang/CloneNotSupportedException done
Event: 0.549 Loading class jdk/internal/logger/LazyLoggers
Event: 0.549 Loading class jdk/internal/logger/LazyLoggers done
Event: 0.549 Loading class jdk/internal/logger/LazyLoggers$1
Event: 0.549 Loading class jdk/internal/logger/LazyLoggers$1 done
Event: 0.549 Loading class jdk/internal/logger/LazyLoggers$LazyLoggerFactories
Event: 0.549 Loading class jdk/internal/logger/LazyLoggers$LazyLoggerFactories done
Event: 0.549 Loading class jdk/internal/logger/LoggerFinderLoader
Event: 0.549 Loading class jdk/internal/logger/LoggerFinderLoader done
Event: 0.549 Loading class java/io/FilePermission$1
Event: 0.549 Loading class jdk/internal/access/JavaIOFilePermissionAccess
Event: 0.549 Loading class jdk/internal/access/JavaIOFilePermissionAccess done
Event: 0.549 Loading class java/io/FilePermission$1 done
Event: 0.554 Loading class jdk/internal/logger/LoggerFinderLoader$TemporaryLoggerFinder
Event: 0.555 Loading class jdk/internal/logger/LoggerFinderLoader$TemporaryLoggerFinder done

Classes unloaded (0 events):
No events

Classes redefined (0 events):
No events

Internal exceptions (18 events):
Event: 0.094 Thread 0x0000020bd1b71b20 Exception <a 'java/lang/NoSuchMethodError'{0x00000007147d4178}: 'void java.lang.invoke.DirectMethodHandle$Holder.invokeStatic(java.lang.Object, java.lang.Object, java.lang.Object, java.lang.Object)'> (0x00000007147d4178) 
thrown [s\open\src\hotspot\share\interpreter\linkResolver.cpp, line 773]
Event: 0.095 Thread 0x0000020bd1b71b20 Exception <a 'java/lang/NoSuchMethodError'{0x00000007147d7eb0}: 'void java.lang.invoke.DirectMethodHandle$Holder.invokeSpecial(java.lang.Object, java.lang.Object, java.lang.Object, java.lang.Object, java.lang.Object)'> (0x00000007147d7eb0) 
thrown [s\open\src\hotspot\share\interpreter\linkResolver.cpp, line 773]
Event: 0.098 Thread 0x0000020bd1b71b20 Exception <a 'java/lang/NoSuchMethodError'{0x00000007147ef1e0}: 'java.lang.Object java.lang.invoke.Invokers$Holder.invokeExact_MT(java.lang.Object, java.lang.Object, java.lang.Object, java.lang.Object, java.lang.Object, java.lang.Object)'> (0x00000007147ef1e0) 
thrown [s\open\src\hotspot\share\interpreter\linkResolver.cpp, line 773]
Event: 0.099 Thread 0x0000020bd1b71b20 Exception <a 'java/lang/NoSuchMethodError'{0x00000007147f3d58}: 'void java.lang.invoke.DirectMethodHandle$Holder.invokeStatic(java.lang.Object, java.lang.Object)'> (0x00000007147f3d58) 
thrown [s\open\src\hotspot\share\interpreter\linkResolver.cpp, line 773]
Event: 0.274 Thread 0x0000020bd1b71b20 Exception <a 'java/lang/NoSuchMethodError'{0x0000000713e879c0}: 'void java.lang.invoke.DirectMethodHandle$Holder.invokeSpecial(java.lang.Object, java.lang.Object, java.lang.Object)'> (0x0000000713e879c0) 
thrown [s\open\src\hotspot\share\interpreter\linkResolver.cpp, line 773]
Event: 0.279 Thread 0x0000020bd1b71b20 Exception <a 'java/lang/NoSuchMethodError'{0x0000000713ec2df8}: 'void java.lang.invoke.DirectMethodHandle$Holder.invokeStatic(java.lang.Object, java.lang.Object, java.lang.Object)'> (0x0000000713ec2df8) 
thrown [s\open\src\hotspot\share\interpreter\linkResolver.cpp, line 773]
Event: 0.326 Thread 0x0000020bd1b71b20 Exception <a 'java/lang/NoSuchMethodError'{0x0000000713ee3a90}: 'int java.lang.invoke.DirectMethodHandle$Holder.invokeStaticInit(java.lang.Object, java.lang.Object, java.lang.Object)'> (0x0000000713ee3a90) 
thrown [s\open\src\hotspot\share\interpreter\linkResolver.cpp, line 773]
Event: 0.342 Thread 0x0000020bd1b71b20 Exception <a 'java/lang/NoSuchMethodError'{0x0000000713ca7648}: 'java.lang.Object java.lang.invoke.DirectMethodHandle$Holder.newInvokeSpecial(java.lang.Object, java.lang.Object, int, java.lang.Object)'> (0x0000000713ca7648) 
thrown [s\open\src\hotspot\share\interpreter\linkResolver.cpp, line 773]
Event: 0.342 Thread 0x0000020bd1b71b20 Exception <a 'java/lang/NoSuchMethodError'{0x0000000713cab7a0}: 'java.lang.Object java.lang.invoke.DirectMethodHandle$Holder.invokeSpecial(java.lang.Object, java.lang.Object, java.lang.Object, int, java.lang.Object)'> (0x0000000713cab7a0) 
thrown [s\open\src\hotspot\share\interpreter\linkResolver.cpp, line 773]
Event: 0.373 Thread 0x0000020bf3ee3390 Exception <a 'java/lang/NoSuchMethodError'{0x0000000713a33b30}: 'void java.lang.invoke.DirectMethodHandle$Holder.invokeStaticInit(java.lang.Object)'> (0x0000000713a33b30) 
thrown [s\open\src\hotspot\share\interpreter\linkResolver.cpp, line 773]
Event: 0.376 Thread 0x0000020bd1b71b20 Exception <a 'java/lang/NoSuchMethodError'{0x0000000713cbea20}: 'java.lang.Object java.lang.invoke.DirectMethodHandle$Holder.newInvokeSpecial(java.lang.Object, java.lang.Object, java.lang.Object, java.lang.Object, java.lang.Object, java.lang.Object)'> (0x0000000713cbea20) 
thrown [s\open\src\hotspot\share\interpreter\linkResolver.cpp, line 773]
Event: 0.387 Thread 0x0000020bd1b71b20 Exception <a 'java/lang/NoSuchMethodError'{0x0000000713cf3948}: 'java.lang.Object java.lang.invoke.DirectMethodHandle$Holder.newInvokeSpecial(java.lang.Object, java.lang.Object, java.lang.Object, java.lang.Object, java.lang.Object)'> (0x0000000713cf3948) 
thrown [s\open\src\hotspot\share\interpreter\linkResolver.cpp, line 773]
Event: 0.441 Thread 0x0000020bf3ee3390 Exception <a 'java/lang/NoSuchMethodError'{0x0000000714b299c8}: 'java.lang.Object java.lang.invoke.DirectMethodHandle$Holder.invokeStaticInit(java.lang.Object, java.lang.Object, java.lang.Object, java.lang.Object)'> (0x0000000714b299c8) 
thrown [s\open\src\hotspot\share\interpreter\linkResolver.cpp, line 773]
Event: 0.441 Thread 0x0000020bf3ee3390 Exception <a 'java/lang/NullPointerException'{0x0000000714b36568}> (0x0000000714b36568) 
thrown [s\open\src\hotspot\share\interpreter\linkResolver.cpp, line 1372]
Event: 0.450 Thread 0x0000020bf3ee3390 Exception <a 'java/lang/ClassNotFoundException'{0x0000000714ba3ed8}: com/sun/glass/ui/win/themes> (0x0000000714ba3ed8) 
thrown [s\open\src\hotspot\share\prims\jni.cpp, line 539]
Event: 0.451 Thread 0x0000020bf3ee3390 Exception <a 'java/lang/ClassNotFoundException'{0x0000000714bafb40}: com/sun/glass/ui/win/themes_es> (0x0000000714bafb40) 
thrown [s\open\src\hotspot\share\prims\jni.cpp, line 539]
Event: 0.451 Thread 0x0000020bf3ee3390 Exception <a 'java/lang/ClassNotFoundException'{0x0000000714bb76c0}: com/sun/glass/ui/win/themes_es_ES> (0x0000000714bb76c0) 
thrown [s\open\src\hotspot\share\prims\jni.cpp, line 539]
Event: 0.524 Thread 0x0000020bf3ee3390 Exception <a 'java/lang/NoSuchMethodError'{0x00000007142f9210}: 'void java.lang.invoke.DirectMethodHandle$Holder.invokeStaticInit(java.lang.Object, java.lang.Object)'> (0x00000007142f9210) 
thrown [s\open\src\hotspot\share\interpreter\linkResolver.cpp, line 773]

ZGC Phase Switch (0 events):
No events

VM Operations (10 events):
Event: 0.055 Executing VM operation: HandshakeAllThreads (Deoptimize)
Event: 0.055 Executing VM operation: HandshakeAllThreads (Deoptimize) done
Event: 0.077 Executing VM operation: HandshakeAllThreads (Deoptimize)
Event: 0.077 Executing VM operation: HandshakeAllThreads (Deoptimize) done
Event: 0.333 Executing VM operation: HandshakeAllThreads (Deoptimize)
Event: 0.333 Executing VM operation: HandshakeAllThreads (Deoptimize) done
Event: 0.419 Executing VM operation: G1CollectForAllocation (G1 Evacuation Pause)
Event: 0.421 Executing VM operation: G1CollectForAllocation (G1 Evacuation Pause) done
Event: 0.480 Executing VM operation: HandshakeAllThreads (Deoptimize)
Event: 0.480 Executing VM operation: HandshakeAllThreads (Deoptimize) done

Events (18 events):
Event: 0.014 Thread 0x0000020bd1b71b20 Thread added: 0x0000020bd1b71b20
Event: 0.022 Thread 0x0000020bf2d9d640 Thread added: 0x0000020bf2d9d640
Event: 0.022 Thread 0x0000020bf2da01b0 Thread added: 0x0000020bf2da01b0
Event: 0.022 Thread 0x0000020bf2da5160 Thread added: 0x0000020bf2da5160
Event: 0.022 Thread 0x0000020bf2da5e20 Thread added: 0x0000020bf2da5e20
Event: 0.022 Thread 0x0000020bf2da6ae0 Thread added: 0x0000020bf2da6ae0
Event: 0.022 Thread 0x0000020bf3358530 Thread added: 0x0000020bf3358530
Event: 0.023 Thread 0x0000020bf335a8e0 Thread added: 0x0000020bf335a8e0
Event: 0.023 Thread 0x0000020bf2dae520 Thread added: 0x0000020bf2dae520
Event: 0.034 Thread 0x0000020bf343b0b0 Thread added: 0x0000020bf343b0b0
Event: 0.051 Thread 0x0000020bf34bca50 Thread added: 0x0000020bf34bca50
Event: 0.065 Thread 0x0000020bf36db420 Thread added: 0x0000020bf36db420
Event: 0.085 Thread 0x0000020bf373d370 Thread added: 0x0000020bf373d370
Event: 0.280 Thread 0x0000020bf380eda0 Thread added: 0x0000020bf380eda0
Event: 0.341 Thread 0x0000020bf3eb2270 Thread added: 0x0000020bf3eb2270
Event: 0.343 Thread 0x0000020bf3ee3390 Thread added: 0x0000020bf3ee3390
Event: 0.388 Thread 0x0000020bfae80dc0 Thread added: 0x0000020bfae80dc0
Event: 0.393 Thread 0x0000020bfae4c360 Thread added: 0x0000020bfae4c360


Dynamic libraries:
0x00007ff690050000 - 0x00007ff690060000 	C:\Program Files\Java\jdk-21\bin\java.exe
0x00007ffb98fc0000 - 0x00007ffb99227000 	C:\WINDOWS\SYSTEM32\ntdll.dll
0x00007ffb97c90000 - 0x00007ffb97d59000 	C:\WINDOWS\System32\KERNEL32.DLL
0x00007ffb95a00000 - 0x00007ffb95df1000 	C:\WINDOWS\System32\KERNELBASE.dll
0x00007ffb967e0000 - 0x00007ffb9692b000 	C:\WINDOWS\System32\ucrtbase.dll
0x00007ffb75800000 - 0x00007ffb75819000 	C:\Program Files\Java\jdk-21\bin\jli.dll
0x00007ffb6f5f0000 - 0x00007ffb6f60b000 	C:\Program Files\Java\jdk-21\bin\VCRUNTIME140.dll
0x00007ffb97ba0000 - 0x00007ffb97c5b000 	C:\WINDOWS\System32\ADVAPI32.dll
0x00007ffb98140000 - 0x00007ffb981e9000 	C:\WINDOWS\System32\msvcrt.dll
0x00007ffb98490000 - 0x00007ffb98537000 	C:\WINDOWS\System32\sechost.dll
0x00007ffb98270000 - 0x00007ffb98388000 	C:\WINDOWS\System32\RPCRT4.dll
0x00007ffb985c0000 - 0x00007ffb98785000 	C:\WINDOWS\System32\USER32.dll
0x00007ffb959d0000 - 0x00007ffb959f7000 	C:\WINDOWS\System32\win32u.dll
0x00007ffb72a40000 - 0x00007ffb72cd3000 	C:\WINDOWS\WinSxS\amd64_microsoft.windows.common-controls_6595b64144ccf1df_6.0.26100.8037_none_3e092faae333b53b\COMCTL32.dll
0x00007ffb975c0000 - 0x00007ffb975eb000 	C:\WINDOWS\System32\GDI32.dll
0x00007ffb958a0000 - 0x00007ffb959cb000 	C:\WINDOWS\System32\gdi32full.dll
0x00007ffb95e00000 - 0x00007ffb95ea3000 	C:\WINDOWS\System32\msvcp_win.dll
0x00007ffb866d0000 - 0x00007ffb866db000 	C:\WINDOWS\SYSTEM32\VERSION.dll
0x00007ffb98f40000 - 0x00007ffb98f71000 	C:\WINDOWS\System32\IMM32.DLL
0x00007ffb55570000 - 0x00007ffb5557c000 	C:\Program Files\Java\jdk-21\bin\vcruntime140_1.dll
0x00007ffb42630000 - 0x00007ffb426be000 	C:\Program Files\Java\jdk-21\bin\msvcp140.dll
0x00007ffaf2e50000 - 0x00007ffaf3b67000 	C:\Program Files\Java\jdk-21\bin\server\jvm.dll
0x00007ffb97d70000 - 0x00007ffb97de4000 	C:\WINDOWS\System32\WS2_32.dll
0x00007ffb95700000 - 0x00007ffb9575e000 	C:\WINDOWS\SYSTEM32\POWRPROF.dll
0x00007ffb8d1f0000 - 0x00007ffb8d225000 	C:\WINDOWS\SYSTEM32\WINMM.dll
0x00007ffb956e0000 - 0x00007ffb956f4000 	C:\WINDOWS\SYSTEM32\UMPDC.dll
0x00007ffb945f0000 - 0x00007ffb9460b000 	C:\WINDOWS\SYSTEM32\kernel.appcore.dll
0x00007ffb55560000 - 0x00007ffb5556a000 	C:\Program Files\Java\jdk-21\bin\jimage.dll
0x00007ffb74330000 - 0x00007ffb74572000 	C:\WINDOWS\SYSTEM32\DBGHELP.DLL
0x00007ffb975f0000 - 0x00007ffb97972000 	C:\WINDOWS\System32\combase.dll
0x00007ffb971f0000 - 0x00007ffb972c7000 	C:\WINDOWS\System32\OLEAUT32.dll
0x00007ffb71540000 - 0x00007ffb7157b000 	C:\WINDOWS\SYSTEM32\dbgcore.DLL
0x00007ffb96930000 - 0x00007ffb969d5000 	C:\WINDOWS\System32\bcryptPrimitives.dll
0x00007ffb502e0000 - 0x00007ffb502ff000 	C:\Program Files\Java\jdk-21\bin\java.dll
0x00007ffb987d0000 - 0x00007ffb98f2f000 	C:\WINDOWS\System32\SHELL32.dll
0x00007ffb969e0000 - 0x00007ffb96b4a000 	C:\WINDOWS\System32\wintypes.dll
0x00007ffb95f70000 - 0x00007ffb967d4000 	C:\WINDOWS\System32\windows.storage.dll
0x00007ffb97aa0000 - 0x00007ffb97b97000 	C:\WINDOWS\System32\SHCORE.dll
0x00007ffb974b0000 - 0x00007ffb97517000 	C:\WINDOWS\System32\shlwapi.dll
0x00007ffb957c0000 - 0x00007ffb957e9000 	C:\WINDOWS\SYSTEM32\profapi.dll
0x00007ffb42550000 - 0x00007ffb42627000 	C:\Program Files\Java\jdk-21\bin\jsvml.dll
0x00007ffb52600000 - 0x00007ffb52610000 	C:\Program Files\Java\jdk-21\bin\net.dll
0x00007ffb8cd40000 - 0x00007ffb8ce67000 	C:\WINDOWS\SYSTEM32\WINHTTP.dll
0x00007ffb94b40000 - 0x00007ffb94bab000 	C:\WINDOWS\system32\mswsock.dll
0x00007ffb51410000 - 0x00007ffb51426000 	C:\Program Files\Java\jdk-21\bin\nio.dll
0x00007ffb47760000 - 0x00007ffb47778000 	C:\Program Files\Java\jdk-21\bin\zip.dll
0x0000020bf3f30000 - 0x0000020bf3f33000 	C:\Users\nezar.kanghi\.openjfx\cache\21.0.2+5\amd64\api-ms-win-core-console-l1-1-0.dll
0x0000020bf3f40000 - 0x0000020bf3f43000 	C:\Users\nezar.kanghi\.openjfx\cache\21.0.2+5\amd64\api-ms-win-core-console-l1-2-0.dll
0x0000020bf3f50000 - 0x0000020bf3f53000 	C:\Users\nezar.kanghi\.openjfx\cache\21.0.2+5\amd64\api-ms-win-core-datetime-l1-1-0.dll
0x0000020bf3f60000 - 0x0000020bf3f63000 	C:\Users\nezar.kanghi\.openjfx\cache\21.0.2+5\amd64\api-ms-win-core-debug-l1-1-0.dll
0x0000020bf3f70000 - 0x0000020bf3f73000 	C:\Users\nezar.kanghi\.openjfx\cache\21.0.2+5\amd64\api-ms-win-core-errorhandling-l1-1-0.dll
0x0000020bf3f80000 - 0x0000020bf3f84000 	C:\Users\nezar.kanghi\.openjfx\cache\21.0.2+5\amd64\api-ms-win-core-file-l1-1-0.dll
0x0000020bf3f90000 - 0x0000020bf3f93000 	C:\Users\nezar.kanghi\.openjfx\cache\21.0.2+5\amd64\api-ms-win-core-file-l1-2-0.dll
0x0000020bf3fa0000 - 0x0000020bf3fa3000 	C:\Users\nezar.kanghi\.openjfx\cache\21.0.2+5\amd64\api-ms-win-core-file-l2-1-0.dll
0x0000020bf3fb0000 - 0x0000020bf3fb3000 	C:\Users\nezar.kanghi\.openjfx\cache\21.0.2+5\amd64\api-ms-win-core-handle-l1-1-0.dll
0x0000020bf3fc0000 - 0x0000020bf3fc3000 	C:\Users\nezar.kanghi\.openjfx\cache\21.0.2+5\amd64\api-ms-win-core-heap-l1-1-0.dll
0x0000020bf3fd0000 - 0x0000020bf3fd3000 	C:\Users\nezar.kanghi\.openjfx\cache\21.0.2+5\amd64\api-ms-win-core-interlocked-l1-1-0.dll
0x0000020bf3fe0000 - 0x0000020bf3fe3000 	C:\Users\nezar.kanghi\.openjfx\cache\21.0.2+5\amd64\api-ms-win-core-libraryloader-l1-1-0.dll
0x0000020bf3ff0000 - 0x0000020bf3ff3000 	C:\Users\nezar.kanghi\.openjfx\cache\21.0.2+5\amd64\api-ms-win-core-localization-l1-2-0.dll
0x0000020bf8000000 - 0x0000020bf8003000 	C:\Users\nezar.kanghi\.openjfx\cache\21.0.2+5\amd64\api-ms-win-core-memory-l1-1-0.dll
0x0000020bf8010000 - 0x0000020bf8013000 	C:\Users\nezar.kanghi\.openjfx\cache\21.0.2+5\amd64\api-ms-win-core-namedpipe-l1-1-0.dll
0x0000020bf8020000 - 0x0000020bf8023000 	C:\Users\nezar.kanghi\.openjfx\cache\21.0.2+5\amd64\api-ms-win-core-processenvironment-l1-1-0.dll
0x0000020bf8030000 - 0x0000020bf8033000 	C:\Users\nezar.kanghi\.openjfx\cache\21.0.2+5\amd64\api-ms-win-core-processthreads-l1-1-0.dll
0x0000020bf8040000 - 0x0000020bf8043000 	C:\Users\nezar.kanghi\.openjfx\cache\21.0.2+5\amd64\api-ms-win-core-processthreads-l1-1-1.dll
0x0000020bf8050000 - 0x0000020bf8053000 	C:\Users\nezar.kanghi\.openjfx\cache\21.0.2+5\amd64\api-ms-win-core-profile-l1-1-0.dll
0x0000020bf8060000 - 0x0000020bf8063000 	C:\Users\nezar.kanghi\.openjfx\cache\21.0.2+5\amd64\api-ms-win-core-rtlsupport-l1-1-0.dll
0x0000020bf8070000 - 0x0000020bf8073000 	C:\Users\nezar.kanghi\.openjfx\cache\21.0.2+5\amd64\api-ms-win-core-string-l1-1-0.dll
0x0000020bf8080000 - 0x0000020bf8083000 	C:\Users\nezar.kanghi\.openjfx\cache\21.0.2+5\amd64\api-ms-win-core-synch-l1-1-0.dll
0x0000020bf8090000 - 0x0000020bf8093000 	C:\Users\nezar.kanghi\.openjfx\cache\21.0.2+5\amd64\api-ms-win-core-synch-l1-2-0.dll
0x0000020bf80a0000 - 0x0000020bf80a3000 	C:\Users\nezar.kanghi\.openjfx\cache\21.0.2+5\amd64\api-ms-win-core-sysinfo-l1-1-0.dll
0x0000020bf80b0000 - 0x0000020bf80b3000 	C:\Users\nezar.kanghi\.openjfx\cache\21.0.2+5\amd64\api-ms-win-core-timezone-l1-1-0.dll
0x0000020bf80c0000 - 0x0000020bf80c3000 	C:\Users\nezar.kanghi\.openjfx\cache\21.0.2+5\amd64\api-ms-win-core-util-l1-1-0.dll
0x0000020bf80d0000 - 0x0000020bf80d3000 	C:\Users\nezar.kanghi\.openjfx\cache\21.0.2+5\amd64\api-ms-win-crt-conio-l1-1-0.dll
0x0000020bf80e0000 - 0x0000020bf80e4000 	C:\Users\nezar.kanghi\.openjfx\cache\21.0.2+5\amd64\api-ms-win-crt-convert-l1-1-0.dll
0x0000020bf80f0000 - 0x0000020bf80f3000 	C:\Users\nezar.kanghi\.openjfx\cache\21.0.2+5\amd64\api-ms-win-crt-environment-l1-1-0.dll
0x0000020bf8100000 - 0x0000020bf8103000 	C:\Users\nezar.kanghi\.openjfx\cache\21.0.2+5\amd64\api-ms-win-crt-filesystem-l1-1-0.dll
0x0000020bf8110000 - 0x0000020bf8113000 	C:\Users\nezar.kanghi\.openjfx\cache\21.0.2+5\amd64\api-ms-win-crt-heap-l1-1-0.dll
0x0000020bf8120000 - 0x0000020bf8123000 	C:\Users\nezar.kanghi\.openjfx\cache\21.0.2+5\amd64\api-ms-win-crt-locale-l1-1-0.dll
0x0000020bf8130000 - 0x0000020bf8135000 	C:\Users\nezar.kanghi\.openjfx\cache\21.0.2+5\amd64\api-ms-win-crt-math-l1-1-0.dll
0x0000020bf8140000 - 0x0000020bf8145000 	C:\Users\nezar.kanghi\.openjfx\cache\21.0.2+5\amd64\api-ms-win-crt-multibyte-l1-1-0.dll
0x0000020bf8150000 - 0x0000020bf8160000 	C:\Users\nezar.kanghi\.openjfx\cache\21.0.2+5\amd64\api-ms-win-crt-private-l1-1-0.dll
0x0000020bf8160000 - 0x0000020bf8163000 	C:\Users\nezar.kanghi\.openjfx\cache\21.0.2+5\amd64\api-ms-win-crt-process-l1-1-0.dll
0x0000020bf8170000 - 0x0000020bf8174000 	C:\Users\nezar.kanghi\.openjfx\cache\21.0.2+5\amd64\api-ms-win-crt-runtime-l1-1-0.dll
0x0000020bf8180000 - 0x0000020bf8184000 	C:\Users\nezar.kanghi\.openjfx\cache\21.0.2+5\amd64\api-ms-win-crt-stdio-l1-1-0.dll
0x0000020bf8190000 - 0x0000020bf8194000 	C:\Users\nezar.kanghi\.openjfx\cache\21.0.2+5\amd64\api-ms-win-crt-string-l1-1-0.dll
0x0000020bf81a0000 - 0x0000020bf81a3000 	C:\Users\nezar.kanghi\.openjfx\cache\21.0.2+5\amd64\api-ms-win-crt-time-l1-1-0.dll
0x0000020bf81b0000 - 0x0000020bf81b3000 	C:\Users\nezar.kanghi\.openjfx\cache\21.0.2+5\amd64\api-ms-win-crt-utility-l1-1-0.dll
0x00007ffb22fc0000 - 0x00007ffb230bc000 	C:\Users\nezar.kanghi\.openjfx\cache\21.0.2+5\amd64\ucrtbase.dll
0x00007ffb60740000 - 0x00007ffb6075b000 	C:\Users\nezar.kanghi\.openjfx\cache\21.0.2+5\amd64\vcruntime140.dll
0x00007ffb872b0000 - 0x00007ffb872bc000 	C:\Users\nezar.kanghi\.openjfx\cache\21.0.2+5\amd64\vcruntime140_1.dll
0x00007ffb24850000 - 0x00007ffb248de000 	C:\Users\nezar.kanghi\.openjfx\cache\21.0.2+5\amd64\msvcp140.dll
0x00007ffb77aa0000 - 0x00007ffb77aa9000 	C:\Users\nezar.kanghi\.openjfx\cache\21.0.2+5\amd64\msvcp140_1.dll
0x00007ffb56e40000 - 0x00007ffb56e81000 	C:\Users\nezar.kanghi\.openjfx\cache\21.0.2+5\amd64\msvcp140_2.dll
0x00007ffb550a0000 - 0x00007ffb550d0000 	C:\Users\nezar.kanghi\.openjfx\cache\21.0.2+5\amd64\prism_d3d.dll
0x00007ffaedac0000 - 0x00007ffaedc72000 	C:\WINDOWS\system32\d3d9.dll
0x00007ffb932a0000 - 0x00007ffb932ce000 	C:\WINDOWS\SYSTEM32\dwmapi.dll
0x00007ffb930e0000 - 0x00007ffb93123000 	C:\WINDOWS\SYSTEM32\dxcore.dll
0x00007ffb93000000 - 0x00007ffb930aa000 	C:\WINDOWS\system32\uxtheme.dll
0x00007ffb22ef0000 - 0x00007ffb22fb2000 	C:\WINDOWS\SYSTEM32\d3d9on12.dll
0x00007ffb55010000 - 0x00007ffb55033000 	C:\WINDOWS\SYSTEM32\d3d12.dll
0x00007ffb93130000 - 0x00007ffb9326e000 	C:\WINDOWS\SYSTEM32\dxgi.dll
0x00007ffb953e0000 - 0x00007ffb95437000 	C:\WINDOWS\SYSTEM32\cfgmgr32.dll
0x00007ffb0e1e0000 - 0x00007ffb0e538000 	C:\WINDOWS\SYSTEM32\D3D12Core.dll
0x00007ffb54e30000 - 0x00007ffb54e57000 	C:\WINDOWS\System32\DriverStore\FileRepository\iigd_dch.inf_amd64_61cf32efd21ae804\igd12umd64.dll
0x00007ffad99a0000 - 0x00007ffada665000 	C:\WINDOWS\System32\DriverStore\FileRepository\iigd_dch.inf_amd64_61cf32efd21ae804\igd12um64xel.dll
0x00007ffb96b50000 - 0x00007ffb96cc7000 	C:\WINDOWS\System32\CRYPT32.dll
0x00007ffb95790000 - 0x00007ffb957ba000 	C:\WINDOWS\SYSTEM32\bcrypt.dll
0x00007ffb97fa0000 - 0x00007ffb98135000 	C:\WINDOWS\System32\ole32.dll
0x00007ffb63980000 - 0x00007ffb639c3000 	C:\WINDOWS\SYSTEM32\ControlLib.dll
0x00007ffb96d60000 - 0x00007ffb971e7000 	C:\WINDOWS\System32\SETUPAPI.dll
0x00007ffb95440000 - 0x00007ffb9546d000 	C:\WINDOWS\SYSTEM32\DEVOBJ.dll
0x00007ffb8ccc0000 - 0x00007ffb8cd3b000 	C:\WINDOWS\System32\DriverStore\FileRepository\iigd_dch.inf_amd64_61cf32efd21ae804\IntelControlLib.dll
0x00007ffb96cd0000 - 0x00007ffb96d51000 	C:\WINDOWS\System32\WINTRUST.dll
0x00007ffb94fa0000 - 0x00007ffb94fb3000 	C:\WINDOWS\SYSTEM32\MSASN1.dll
0x00007ffb90c30000 - 0x00007ffb90c90000 	C:\WINDOWS\SYSTEM32\directxdatabasehelper.dll
0x00007ffb8c6a0000 - 0x00007ffb8cab7000 	C:\WINDOWS\System32\DriverStore\FileRepository\iigd_dch.inf_amd64_61cf32efd21ae804\igdgmm64.dll
0x00007ffb87d00000 - 0x00007ffb8c2c5000 	C:\WINDOWS\System32\DriverStore\FileRepository\iigd_dch.inf_amd64_61cf32efd21ae804\igc64.dll
0x00007ffb22bc0000 - 0x00007ffb22ca5000 	C:\WINDOWS\SYSTEM32\D3DSCache.dll
0x00007ffb94bf0000 - 0x00007ffb94c22000 	C:\WINDOWS\SYSTEM32\USERENV.dll
0x00007ffad85e0000 - 0x00007ffad999e000 	C:\WINDOWS\System32\DriverStore\FileRepository\iigd_dch.inf_amd64_61cf32efd21ae804\igd12dxva64.dll
0x00007ffb19ab0000 - 0x00007ffb1b818000 	C:\WINDOWS\System32\DriverStore\FileRepository\iigd_dch.inf_amd64_61cf32efd21ae804\media_bin_64.dll
0x00007ffb198b0000 - 0x00007ffb198d7000 	C:\WINDOWS\System32\DriverStore\FileRepository\iigd_dch.inf_amd64_61cf32efd21ae804\igdinfo64.dll
0x00007ffb54690000 - 0x00007ffb546d2000 	C:\Users\nezar.kanghi\.openjfx\cache\21.0.2+5\amd64\glass.dll
0x00007ffb98390000 - 0x00007ffb9847e000 	C:\WINDOWS\System32\COMDLG32.dll
0x00007ffb97df0000 - 0x00007ffb97f4d000 	C:\WINDOWS\System32\MSCTF.dll
0x00007ffb586a0000 - 0x00007ffb586b4000 	C:\Users\nezar.kanghi\.openjfx\cache\21.0.2+5\amd64\javafx_font.dll
0x00007ffb918b0000 - 0x00007ffb91b17000 	C:\WINDOWS\SYSTEM32\dwrite.dll

dbghelp: loaded successfully - version: 4.0.5 - missing functions: none
symbol engine: initialized successfully - sym options: 0x614 - pdb path: .;C:\Program Files\Java\jdk-21\bin;C:\WINDOWS\SYSTEM32;C:\WINDOWS\WinSxS\amd64_microsoft.windows.common-controls_6595b64144ccf1df_6.0.26100.8037_none_3e092faae333b53b;C:\Program Files\Java\jdk-21\bin\server;C:\Users\nezar.kanghi\.openjfx\cache\21.0.2+5\amd64;C:\WINDOWS\System32\DriverStore\FileRepository\iigd_dch.inf_amd64_61cf32efd21ae804

VM Arguments:
jvm_args: --module-path=C:\Users\nezar.kanghi\.m2\repository\org\openjfx\javafx-base\21.0.2\javafx-base-21.0.2-win.jar;C:\Users\nezar.kanghi\.m2\repository\org\openjfx\javafx-base\21.0.2\javafx-base-21.0.2.jar;C:\Users\nezar.kanghi\.m2\repository\org\openjfx\javafx-controls\21.0.2\javafx-controls-21.0.2-win.jar;C:\Users\nezar.kanghi\.m2\repository\org\openjfx\javafx-controls\21.0.2\javafx-controls-21.0.2.jar;C:\Users\nezar.kanghi\.m2\repository\org\openjfx\javafx-graphics\21.0.2\javafx-graphics-21.0.2-win.jar;C:\Users\nezar.kanghi\.m2\repository\org\openjfx\javafx-graphics\21.0.2\javafx-graphics-21.0.2.jar --add-modules=javafx.base,javafx.controls,javafx.graphics 
java_command: org.example.Ejercicio_11
java_class_path (initial): C:\Users\nezar.kanghi\Desktop\Programacion_INTELiJ\JavaFX_EJ11\target\classes;C:\Users\nezar.kanghi\.m2\repository\com\oracle\database\jdbc\ojdbc11\23.3.0.23.09\ojdbc11-23.3.0.23.09.jar
Launcher Type: SUN_STANDARD

[Global flags]
     intx CICompilerCount                          = 4                                         {product} {ergonomic}
     uint ConcGCThreads                            = 3                                         {product} {ergonomic}
     uint G1ConcRefinementThreads                  = 10                                        {product} {ergonomic}
   size_t G1HeapRegionSize                         = 2097152                                   {product} {ergonomic}
    uintx GCDrainStackTargetSize                   = 64                                        {product} {ergonomic}
   size_t InitialHeapSize                          = 264241152                                 {product} {ergonomic}
   size_t MarkStackSize                            = 4194304                                   {product} {ergonomic}
   size_t MaxHeapSize                              = 4208984064                                {product} {ergonomic}
   size_t MaxNewSize                               = 2524971008                                {product} {ergonomic}
   size_t MinHeapDeltaBytes                        = 2097152                                   {product} {ergonomic}
   size_t MinHeapSize                              = 8388608                                   {product} {ergonomic}
    uintx NonNMethodCodeHeapSize                   = 5839372                                {pd product} {ergonomic}
    uintx NonProfiledCodeHeapSize                  = 122909434                              {pd product} {ergonomic}
    uintx ProfiledCodeHeapSize                     = 122909434                              {pd product} {ergonomic}
    uintx ReservedCodeCacheSize                    = 251658240                              {pd product} {ergonomic}
     bool SegmentedCodeCache                       = true                                      {product} {ergonomic}
   size_t SoftMaxHeapSize                          = 4208984064                             {manageable} {ergonomic}
     bool UseCompressedOops                        = true                           {product lp64_product} {ergonomic}
     bool UseG1GC                                  = true                                      {product} {ergonomic}
     bool UseLargePagesIndividualAllocation        = false                                  {pd product} {ergonomic}

Logging:
Log output configuration:
 #0: stdout all=warning uptime,level,tags foldmultilines=false
 #1: stderr all=off uptime,level,tags foldmultilines=false

Environment Variables:
JAVA_HOME=C:\Program Files\Java\jdk-21
PATH=C:\app\aemcentros\product\21c\dbhomeXE\bin;C:\Program Files\Common Files\Oracle\Java\javapath;C:\Program Files (x86)\Common Files\Oracle\Java\java8path;C:\Program Files (x86)\Common Files\Oracle\Java\javapath;C:\WINDOWS\system32;C:\WINDOWS;C:\WINDOWS\System32\Wbem;C:\WINDOWS\System32\WindowsPowerShell\v1.0\;C:\WINDOWS\System32\OpenSSH\;C:\Program Files\Microsoft VS Code\bin;C:\Users\nezar.kanghi\AppData\Local\Microsoft\WindowsApps;C:\Users\nezar.kanghi\AppData\Local\Programs\Git\cmd
USERNAME=nezar.kanghi
OS=Windows_NT
PROCESSOR_IDENTIFIER=Intel64 Family 6 Model 151 Stepping 5, GenuineIntel
TMP=C:\Users\NEZAR~1.KAN\AppData\Local\Temp
TEMP=C:\Users\NEZAR~1.KAN\AppData\Local\Temp




Periodic native trim disabled

---------------  S Y S T E M  ---------------

OS:
 Windows 11 , 64 bit Build 26100 (10.0.26100.7920)
OS uptime: 0 days 1:40 hours
Hyper-V role detected

CPU: total 12 (initial active 12) (6 cores per cpu, 2 threads per core) family 6 model 151 stepping 5 microcode 0x35, cx8, cmov, fxsr, ht, mmx, 3dnowpref, sse, sse2, sse3, ssse3, sse4.1, sse4.2, popcnt, lzcnt, tsc, tscinvbit, avx, avx2, aes, erms, clmul, bmi1, bmi2, adx, sha, fma, vzeroupper, clflush, clflushopt, clwb, hv, serialize, rdtscp, rdpid, fsrm, f16c, cet_ibt, cet_ss
Processor Information for all 12 processors :
  Max Mhz: 3000, Current Mhz: 3000, Mhz Limit: 3000

Memory: 4k page, system-wide physical 16053M (2261M free)
TotalPageFile size 20534M (AvailPageFile size 11M)
current process WorkingSet (physical memory assigned to process): 111M, peak: 111M
current process commit charge ("private bytes"): 388M, peak: 435M

vm_info: Java HotSpot(TM) 64-Bit Server VM (21.0.2+13-LTS-58) for windows-amd64 JRE (21.0.2+13-LTS-58), built on 2024-01-05T18:32:24Z by "mach5one" with MS VC++ 17.1 (VS2022)

END.
